Archive member included to satisfy reference by file (symbol)

c:/st/stm32cubeide_1.12.0/stm32cubeide/plugins/com.st.stm32cube.ide.mcu.externaltools.gnu-tools-for-stm32.10.3-2021.10.win32_1.0.200.202301161003/tools/bin/../lib/gcc/arm-none-eabi/10.3.1/../../../../arm-none-eabi/lib/thumb/v7-m/nofp\libc_nano.a(lib_a-errno.o)
                              ./Core/Src/syscalls.o (__errno)
c:/st/stm32cubeide_1.12.0/stm32cubeide/plugins/com.st.stm32cube.ide.mcu.externaltools.gnu-tools-for-stm32.10.3-2021.10.win32_1.0.200.202301161003/tools/bin/../lib/gcc/arm-none-eabi/10.3.1/../../../../arm-none-eabi/lib/thumb/v7-m/nofp\libc_nano.a(lib_a-exit.o)
                              c:/st/stm32cubeide_1.12.0/stm32cubeide/plugins/com.st.stm32cube.ide.mcu.externaltools.gnu-tools-for-stm32.10.3-2021.10.win32_1.0.200.202301161003/tools/bin/../lib/gcc/arm-none-eabi/10.3.1/../../../../arm-none-eabi/lib/thumb/v7-m/nofp/crt0.o (exit)
c:/st/stm32cubeide_1.12.0/stm32cubeide/plugins/com.st.stm32cube.ide.mcu.externaltools.gnu-tools-for-stm32.10.3-2021.10.win32_1.0.200.202301161003/tools/bin/../lib/gcc/arm-none-eabi/10.3.1/../../../../arm-none-eabi/lib/thumb/v7-m/nofp\libc_nano.a(lib_a-impure.o)
                              c:/st/stm32cubeide_1.12.0/stm32cubeide/plugins/com.st.stm32cube.ide.mcu.externaltools.gnu-tools-for-stm32.10.3-2021.10.win32_1.0.200.202301161003/tools/bin/../lib/gcc/arm-none-eabi/10.3.1/../../../../arm-none-eabi/lib/thumb/v7-m/nofp\libc_nano.a(lib_a-exit.o) (_global_impure_ptr)
c:/st/stm32cubeide_1.12.0/stm32cubeide/plugins/com.st.stm32cube.ide.mcu.externaltools.gnu-tools-for-stm32.10.3-2021.10.win32_1.0.200.202301161003/tools/bin/../lib/gcc/arm-none-eabi/10.3.1/../../../../arm-none-eabi/lib/thumb/v7-m/nofp\libc_nano.a(lib_a-init.o)
                              c:/st/stm32cubeide_1.12.0/stm32cubeide/plugins/com.st.stm32cube.ide.mcu.externaltools.gnu-tools-for-stm32.10.3-2021.10.win32_1.0.200.202301161003/tools/bin/../lib/gcc/arm-none-eabi/10.3.1/../../../../arm-none-eabi/lib/thumb/v7-m/nofp/crt0.o (__libc_init_array)
c:/st/stm32cubeide_1.12.0/stm32cubeide/plugins/com.st.stm32cube.ide.mcu.externaltools.gnu-tools-for-stm32.10.3-2021.10.win32_1.0.200.202301161003/tools/bin/../lib/gcc/arm-none-eabi/10.3.1/../../../../arm-none-eabi/lib/thumb/v7-m/nofp\libc_nano.a(lib_a-memset.o)
                              c:/st/stm32cubeide_1.12.0/stm32cubeide/plugins/com.st.stm32cube.ide.mcu.externaltools.gnu-tools-for-stm32.10.3-2021.10.win32_1.0.200.202301161003/tools/bin/../lib/gcc/arm-none-eabi/10.3.1/../../../../arm-none-eabi/lib/thumb/v7-m/nofp/crt0.o (memset)
c:/st/stm32cubeide_1.12.0/stm32cubeide/plugins/com.st.stm32cube.ide.mcu.externaltools.gnu-tools-for-stm32.10.3-2021.10.win32_1.0.200.202301161003/tools/bin/../lib/gcc/arm-none-eabi/10.3.1/../../../../arm-none-eabi/lib/thumb/v7-m/nofp\libc_nano.a(lib_a-strlen.o)
                              ./Core/Src/main.o (strlen)

Discarded input sections

 .text          0x0000000000000000        0x0 c:/st/stm32cubeide_1.12.0/stm32cubeide/plugins/com.st.stm32cube.ide.mcu.externaltools.gnu-tools-for-stm32.10.3-2021.10.win32_1.0.200.202301161003/tools/bin/../lib/gcc/arm-none-eabi/10.3.1/thumb/v7-m/nofp/crti.o
 .data          0x0000000000000000        0x0 c:/st/stm32cubeide_1.12.0/stm32cubeide/plugins/com.st.stm32cube.ide.mcu.externaltools.gnu-tools-for-stm32.10.3-2021.10.win32_1.0.200.202301161003/tools/bin/../lib/gcc/arm-none-eabi/10.3.1/thumb/v7-m/nofp/crti.o
 .bss           0x0000000000000000        0x0 c:/st/stm32cubeide_1.12.0/stm32cubeide/plugins/com.st.stm32cube.ide.mcu.externaltools.gnu-tools-for-stm32.10.3-2021.10.win32_1.0.200.202301161003/tools/bin/../lib/gcc/arm-none-eabi/10.3.1/thumb/v7-m/nofp/crti.o
 .data          0x0000000000000000        0x4 c:/st/stm32cubeide_1.12.0/stm32cubeide/plugins/com.st.stm32cube.ide.mcu.externaltools.gnu-tools-for-stm32.10.3-2021.10.win32_1.0.200.202301161003/tools/bin/../lib/gcc/arm-none-eabi/10.3.1/thumb/v7-m/nofp/crtbegin.o
 .rodata        0x0000000000000000       0x24 c:/st/stm32cubeide_1.12.0/stm32cubeide/plugins/com.st.stm32cube.ide.mcu.externaltools.gnu-tools-for-stm32.10.3-2021.10.win32_1.0.200.202301161003/tools/bin/../lib/gcc/arm-none-eabi/10.3.1/thumb/v7-m/nofp/crtbegin.o
 .text          0x0000000000000000       0x7c c:/st/stm32cubeide_1.12.0/stm32cubeide/plugins/com.st.stm32cube.ide.mcu.externaltools.gnu-tools-for-stm32.10.3-2021.10.win32_1.0.200.202301161003/tools/bin/../lib/gcc/arm-none-eabi/10.3.1/../../../../arm-none-eabi/lib/thumb/v7-m/nofp/crt0.o
 .data          0x0000000000000000        0x0 c:/st/stm32cubeide_1.12.0/stm32cubeide/plugins/com.st.stm32cube.ide.mcu.externaltools.gnu-tools-for-stm32.10.3-2021.10.win32_1.0.200.202301161003/tools/bin/../lib/gcc/arm-none-eabi/10.3.1/../../../../arm-none-eabi/lib/thumb/v7-m/nofp/crt0.o
[...]
Memory Configuration

Name             Origin             Length             Attributes
RAM              0x0000000020000000 0x0000000000005000 xrw
FLASH            0x0000000008000000 0x0000000000010000 xr
*default*        0x0000000000000000 0xffffffffffffffff

Linker script and memory map

LOAD c:/st/stm32cubeide_1.12.0/stm32cubeide/plugins/com.st.stm32cube.ide.mcu.externaltools.gnu-tools-for-stm32.10.3-2021.10.win32_1.0.200.202301161003/tools/bin/../lib/gcc/arm-none-eabi/10.3.1/thumb/v7-m/nofp/crti.o
LOAD c:/st/stm32cubeide_1.12.0/stm32cubeide/plugins/com.st.stm32cube.ide.mcu.externaltools.gnu-tools-for-stm32.10.3-2021.10.win32_1.0.200.202301161003/tools/bin/../lib/gcc/arm-none-eabi/10.3.1/thumb/v7-m/nofp/crtbegin.o
LOAD c:/st/stm32cubeide_1.12.0/stm32cubeide/plugins/com.st.stm32cube.ide.mcu.externaltools.gnu-tools-for-stm32.10.3-2021.10.win32_1.0.200.202301161003/tools/bin/../lib/gcc/arm-none-eabi/10.3.1/../../../../arm-none-eabi/lib/thumb/v7-m/nofp/crt0.o
LOAD ./Core/Src/main.o
LOAD ./Core/Src/stm32f1xx_hal_msp.o
LOAD ./Core/Src/stm32f1xx_it.o
LOAD ./Core/Src/syscalls.o
LOAD ./Core/Src/sysmem.o
LOAD ./Core/Src/system_stm32f1xx.o
LOAD ./Core/Startup/startup_stm32f103c8tx.o
LOAD ./Drivers/STM32F1xx_HAL_Driver/Src/stm32f1xx_hal.o
LOAD ./Drivers/STM32F1xx_HAL_Driver/Src/stm32f1xx_hal_cortex.o
LOAD ./Drivers/STM32F1xx_HAL_Driver/Src/stm32f1xx_hal_dma.o
LOAD ./Drivers/STM32F1xx_HAL_Driver/Src/stm32f1xx_hal_exti.o
LOAD ./Drivers/STM32F1xx_HAL_Driver/Src/stm32f1xx_hal_flash.o
LOAD ./Drivers/STM32F1xx_HAL_Driver/Src/stm32f1xx_hal_flash_ex.o
LOAD ./Drivers/STM32F1xx_HAL_Driver/Src/stm32f1xx_hal_gpio.o
LOAD ./Drivers/STM32F1xx_HAL_Driver/Src/stm32f1xx_hal_gpio_ex.o
LOAD ./Drivers/STM32F1xx_HAL_Driver/Src/stm32f1xx_hal_pcd.o
LOAD ./Drivers/STM32F1xx_HAL_Driver/Src/stm32f1xx_hal_pcd_ex.o
LOAD ./Drivers/STM32F1xx_HAL_Driver/Src/stm32f1xx_hal_pwr.o
LOAD ./Drivers/STM32F1xx_HAL_Driver/Src/stm32f1xx_hal_rcc.o
LOAD ./Drivers/STM32F1xx_HAL_Driver/Src/stm32f1xx_hal_rcc_ex.o
LOAD ./Drivers/STM32F1xx_HAL_Driver/Src/stm32f1xx_hal_tim.o
LOAD ./Drivers/STM32F1xx_HAL_Driver/Src/stm32f1xx_hal_tim_ex.o
LOAD ./Drivers/STM32F1xx_HAL_Driver/Src/stm32f1xx_ll_usb.o
LOAD ./Middlewares/ST/STM32_USB_Device_Library/Class/CDC/Src/usbd_cdc.o
LOAD ./Middlewares/ST/STM32_USB_Device_Library/Core/Src/usbd_core.o
LOAD ./Middlewares/ST/STM32_USB_Device_Library/Core/Src/usbd_ctlreq.o
LOAD ./Middlewares/ST/STM32_USB_Device_Library/Core/Src/usbd_ioreq.o
LOAD ./USB_DEVICE/App/usb_device.o
LOAD ./USB_DEVICE/App/usbd_cdc_if.o
LOAD ./USB_DEVICE/App/usbd_desc.o
LOAD ./USB_DEVICE/Target/usbd_conf.o
START GROUP
LOAD c:/st/stm32cubeide_1.12.0/stm32cubeide/plugins/com.st.stm32cube.ide.mcu.externaltools.gnu-tools-for-stm32.10.3-2021.10.win32_1.0.200.202301161003/tools/bin/../lib/gcc/arm-none-eabi/10.3.1/../../../../arm-none-eabi/lib/thumb/v7-m/nofp\libc_nano.a
LOAD c:/st/stm32cubeide_1.12.0/stm32cubeide/plugins/com.st.stm32cube.ide.mcu.externaltools.gnu-tools-for-stm32.10.3-2021.10.win32_1.0.200.202301161003/tools/bin/../lib/gcc/arm-none-eabi/10.3.1/../../../../arm-none-eabi/lib/thumb/v7-m/nofp\libm.a
END GROUP
START GROUP
LOAD c:/st/stm32cubeide_1.12.0/stm32cubeide/plugins/com.st.stm32cube.ide.mcu.externaltools.gnu-tools-for-stm32.10.3-2021.10.win32_1.0.200.202301161003/tools/bin/../lib/gcc/arm-none-eabi/10.3.1/thumb/v7-m/nofp\libgcc.a
LOAD c:/st/stm32cubeide_1.12.0/stm32cubeide/plugins/com.st.stm32cube.ide.mcu.externaltools.gnu-tools-for-stm32.10.3-2021.10.win32_1.0.200.202301161003/tools/bin/../lib/gcc/arm-none-eabi/10.3.1/../../../../arm-none-eabi/lib/thumb/v7-m/nofp\libc_nano.a
END GROUP
START GROUP
LOAD c:/st/stm32cubeide_1.12.0/stm32cubeide/plugins/com.st.stm32cube.ide.mcu.externaltools.gnu-tools-for-stm32.10.3-2021.10.win32_1.0.200.202301161003/tools/bin/../lib/gcc/arm-none-eabi/10.3.1/thumb/v7-m/nofp\libgcc.a
LOAD c:/st/stm32cubeide_1.12.0/stm32cubeide/plugins/com.st.stm32cube.ide.mcu.externaltools.gnu-tools-for-stm32.10.3-2021.10.win32_1.0.200.202301161003/tools/bin/../lib/gcc/arm-none-eabi/10.3.1/../../../../arm-none-eabi/lib/thumb/v7-m/nofp\libc_nano.a
LOAD c:/st/stm32cubeide_1.12.0/stm32cubeide/plugins/com.st.stm32cube.ide.mcu.externaltools.gnu-tools-for-stm32.10.3-2021.10.win32_1.0.200.202301161003/tools/bin/../lib/gcc/arm-none-eabi/10.3.1/../../../../arm-none-eabi/lib/thumb/v7-m/nofp\libnosys.a
END GROUP
START GROUP
LOAD c:/st/stm32cubeide_1.12.0/stm32cubeide/plugins/com.st.stm32cube.ide.mcu.externaltools.gnu-tools-for-stm32.10.3-2021.10.win32_1.0.200.202301161003/tools/bin/../lib/gcc/arm-none-eabi/10.3.1/thumb/v7-m/nofp\libgcc.a
LOAD c:/st/stm32cubeide_1.12.0/stm32cubeide/plugins/com.st.stm32cube.ide.mcu.externaltools.gnu-tools-for-stm32.10.3-2021.10.win32_1.0.200.202301161003/tools/bin/../lib/gcc/arm-none-eabi/10.3.1/../../../../arm-none-eabi/lib/thumb/v7-m/nofp\libc_nano.a
LOAD c:/st/stm32cubeide_1.12.0/stm32cubeide/plugins/com.st.stm32cube.ide.mcu.externaltools.gnu-tools-for-stm32.10.3-2021.10.win32_1.0.200.202301161003/tools/bin/../lib/gcc/arm-none-eabi/10.3.1/../../../../arm-none-eabi/lib/thumb/v7-m/nofp\libnosys.a
END GROUP
LOAD c:/st/stm32cubeide_1.12.0/stm32cubeide/plugins/com.st.stm32cube.ide.mcu.externaltools.gnu-tools-for-stm32.10.3-2021.10.win32_1.0.200.202301161003/tools/bin/../lib/gcc/arm-none-eabi/10.3.1/thumb/v7-m/nofp/crtend.o
LOAD c:/st/stm32cubeide_1.12.0/stm32cubeide/plugins/com.st.stm32cube.ide.mcu.externaltools.gnu-tools-for-stm32.10.3-2021.10.win32_1.0.200.202301161003/tools/bin/../lib/gcc/arm-none-eabi/10.3.1/thumb/v7-m/nofp/crtn.o
                0x0000000020005000                _estack = (ORIGIN (RAM) + LENGTH (RAM))
                0x0000000000000200                _Min_Heap_Size = 0x200
                0x0000000000000400                _Min_Stack_Size = 0x400

.isr_vector     0x0000000008000000      0x10c
                0x0000000008000000                . = ALIGN (0x4)
 *(.isr_vector)
 .isr_vector    0x0000000008000000      0x10c ./Core/Startup/startup_stm32f103c8tx.o
                0x0000000008000000                g_pfnVectors
                0x000000000800010c                . = ALIGN (0x4)

.text           0x000000000800010c     0x7178
                0x000000000800010c                . = ALIGN (0x4)
 *(.text)
 .text          0x000000000800010c       0x40 c:/st/stm32cubeide_1.12.0/stm32cubeide/plugins/com.st.stm32cube.ide.mcu.externaltools.gnu-tools-for-stm32.10.3-2021.10.win32_1.0.200.202301161003/tools/bin/../lib/gcc/arm-none-eabi/10.3.1/thumb/v7-m/nofp/crtbegin.o
 .text          0x000000000800014c       0x10 c:/st/stm32cubeide_1.12.0/stm32cubeide/plugins/com.st.stm32cube.ide.mcu.externaltools.gnu-tools-for-stm32.10.3-2021.10.win32_1.0.200.202301161003/tools/bin/../lib/gcc/arm-none-eabi/10.3.1/../../../../arm-none-eabi/lib/thumb/v7-m/nofp\libc_nano.a(lib_a-strlen.o)
                0x000000000800014c                strlen
 *(.text*)
 .text.main     0x000000000800015c       0x3c ./Core/Src/main.o
                0x000000000800015c                main
 .text.SystemClock_Config
                0x0000000008000198       0xb6 ./Core/Src/main.o
                0x0000000008000198                SystemClock_Config
 *fill*         0x000000000800024e        0x2 
 .text.MX_GPIO_Init
                0x0000000008000250       0x44 ./Core/Src/main.o
 .text.Error_Handler
                0x0000000008000294        0xa ./Core/Src/main.o
                0x0000000008000294                Error_Handler
 *fill*         0x000000000800029e        0x2 
 .text.HAL_MspInit
                0x00000000080002a0       0x64 ./Core/Src/stm32f1xx_hal_msp.o
                0x00000000080002a0                HAL_MspInit
 .text.NMI_Handler
                0x0000000008000304        0x6 ./Core/Src/stm32f1xx_it.o
                0x0000000008000304                NMI_Handler
 .text.HardFault_Handler
                0x000000000800030a        0x6 ./Core/Src/stm32f1xx_it.o
                0x000000000800030a                HardFault_Handler
 .text.MemManage_Handler
                0x0000000008000310        0x6 ./Core/Src/stm32f1xx_it.o
                0x0000000008000310                MemManage_Handler
 .text.BusFault_Handler
                0x0000000008000316        0x6 ./Core/Src/stm32f1xx_it.o
                0x0000000008000316                BusFault_Handler
 .text.UsageFault_Handler
                0x000000000800031c        0x6 ./Core/Src/stm32f1xx_it.o
                0x000000000800031c                UsageFault_Handler
 .text.SVC_Handler
                0x0000000008000322        0xc ./Core/Src/stm32f1xx_it.o
                0x0000000008000322                SVC_Handler
 .text.DebugMon_Handler
                0x000000000800032e        0xc ./Core/Src/stm32f1xx_it.o
                0x000000000800032e                DebugMon_Handler
 .text.PendSV_Handler
                0x000000000800033a        0xc ./Core/Src/stm32f1xx_it.o
                0x000000000800033a                PendSV_Handler
 .text.SysTick_Handler
                0x0000000008000346        0xc ./Core/Src/stm32f1xx_it.o
                0x0000000008000346                SysTick_Handler
 *fill*         0x0000000008000352        0x2 
 .text.USB_LP_CAN1_RX0_IRQHandler
                0x0000000008000354       0x14 ./Core/Src/stm32f1xx_it.o
                0x0000000008000354                USB_LP_CAN1_RX0_IRQHandler
 .text.SystemInit
                0x0000000008000368        0xc ./Core/Src/system_stm32f1xx.o
                0x0000000008000368                SystemInit
 .text.Reset_Handler
                0x0000000008000374       0x48 ./Core/Startup/startup_stm32f103c8tx.o
                0x0000000008000374                Reset_Handler
 .text.Default_Handler
                0x00000000080003bc        0x2 ./Core/Startup/startup_stm32f103c8tx.o
                0x00000000080003bc                RTC_Alarm_IRQHandler
                0x00000000080003bc                EXTI2_IRQHandler
                0x00000000080003bc                TIM1_CC_IRQHandler
                0x00000000080003bc                PVD_IRQHandler
                0x00000000080003bc                EXTI3_IRQHandler
                0x00000000080003bc                EXTI0_IRQHandler
                0x00000000080003bc                I2C2_EV_IRQHandler
                0x00000000080003bc                ADC1_2_IRQHandler
                0x00000000080003bc                SPI1_IRQHandler
                0x00000000080003bc                TAMPER_IRQHandler
                0x00000000080003bc                DMA1_Channel4_IRQHandler
                0x00000000080003bc                USART3_IRQHandler
                0x00000000080003bc                RTC_IRQHandler
                0x00000000080003bc                DMA1_Channel7_IRQHandler
                0x00000000080003bc                CAN1_RX1_IRQHandler
                0x00000000080003bc                TIM4_IRQHandler
                0x00000000080003bc                I2C1_EV_IRQHandler
                0x00000000080003bc                DMA1_Channel6_IRQHandler
                0x00000000080003bc                TIM3_IRQHandler
                0x00000000080003bc                RCC_IRQHandler
                0x00000000080003bc                TIM1_TRG_COM_IRQHandler
                0x00000000080003bc                DMA1_Channel1_IRQHandler
                0x00000000080003bc                Default_Handler
                0x00000000080003bc                EXTI15_10_IRQHandler
                0x00000000080003bc                EXTI9_5_IRQHandler
                0x00000000080003bc                SPI2_IRQHandler
                0x00000000080003bc                DMA1_Channel5_IRQHandler
                0x00000000080003bc                EXTI4_IRQHandler
                0x00000000080003bc                USB_HP_CAN1_TX_IRQHandler
                0x00000000080003bc                DMA1_Channel3_IRQHandler
                0x00000000080003bc                TIM1_UP_IRQHandler
                0x00000000080003bc                WWDG_IRQHandler
                0x00000000080003bc                TIM2_IRQHandler
                0x00000000080003bc                TIM1_BRK_IRQHandler
                0x00000000080003bc                EXTI1_IRQHandler
                0x00000000080003bc                USART2_IRQHandler
                0x00000000080003bc                I2C2_ER_IRQHandler
                0x00000000080003bc                DMA1_Channel2_IRQHandler
                0x00000000080003bc                CAN1_SCE_IRQHandler
                0x00000000080003bc                FLASH_IRQHandler
                0x00000000080003bc                USART1_IRQHandler
                0x00000000080003bc                I2C1_ER_IRQHandler
                0x00000000080003bc                USBWakeUp_IRQHandler
 *fill*         0x00000000080003be        0x2 
 .text.HAL_Init
                0x00000000080003c0       0x2c ./Drivers/STM32F1xx_HAL_Driver/Src/stm32f1xx_hal.o
                0x00000000080003c0                HAL_Init
 .text.HAL_InitTick
                0x00000000080003ec       0x60 ./Drivers/STM32F1xx_HAL_Driver/Src/stm32f1xx_hal.o
                0x00000000080003ec                HAL_InitTick
 .text.HAL_IncTick
                0x000000000800044c       0x24 ./Drivers/STM32F1xx_HAL_Driver/Src/stm32f1xx_hal.o
                0x000000000800044c                HAL_IncTick
 .text.HAL_GetTick
                0x0000000008000470       0x14 ./Drivers/STM32F1xx_HAL_Driver/Src/stm32f1xx_hal.o
                0x0000000008000470                HAL_GetTick
 .text.HAL_Delay
                0x0000000008000484       0x48 ./Drivers/STM32F1xx_HAL_Driver/Src/stm32f1xx_hal.o
                0x0000000008000484                HAL_Delay
 .text.__NVIC_SetPriorityGrouping
                0x00000000080004cc       0x48 ./Drivers/STM32F1xx_HAL_Driver/Src/stm32f1xx_hal_cortex.o
 .text.__NVIC_GetPriorityGrouping
                0x0000000008000514       0x1c ./Drivers/STM32F1xx_HAL_Driver/Src/stm32f1xx_hal_cortex.o
 .text.__NVIC_EnableIRQ
                0x0000000008000530       0x38 ./Drivers/STM32F1xx_HAL_Driver/Src/stm32f1xx_hal_cortex.o
 .text.__NVIC_SetPriority
                0x0000000008000568       0x54 ./Drivers/STM32F1xx_HAL_Driver/Src/stm32f1xx_hal_cortex.o
 .text.NVIC_EncodePriority
                0x00000000080005bc       0x64 ./Drivers/STM32F1xx_HAL_Driver/Src/stm32f1xx_hal_cortex.o
 .text.SysTick_Config
                0x0000000008000620       0x44 ./Drivers/STM32F1xx_HAL_Driver/Src/stm32f1xx_hal_cortex.o
 .text.HAL_NVIC_SetPriorityGrouping
                0x0000000008000664       0x16 ./Drivers/STM32F1xx_HAL_Driver/Src/stm32f1xx_hal_cortex.o
                0x0000000008000664                HAL_NVIC_SetPriorityGrouping
 .text.HAL_NVIC_SetPriority
                0x000000000800067a       0x38 ./Drivers/STM32F1xx_HAL_Driver/Src/stm32f1xx_hal_cortex.o
                0x000000000800067a                HAL_NVIC_SetPriority
 .text.HAL_NVIC_EnableIRQ
                0x00000000080006b2       0x1c ./Drivers/STM32F1xx_HAL_Driver/Src/stm32f1xx_hal_cortex.o
                0x00000000080006b2                HAL_NVIC_EnableIRQ
 .text.HAL_SYSTICK_Config
                0x00000000080006ce       0x18 ./Drivers/STM32F1xx_HAL_Driver/Src/stm32f1xx_hal_cortex.o
                0x00000000080006ce                HAL_SYSTICK_Config
 .text.HAL_PCD_Init
                0x00000000080006e6      0x1ec ./Drivers/STM32F1xx_HAL_Driver/Src/stm32f1xx_hal_pcd.o
                0x00000000080006e6                HAL_PCD_Init
 .text.HAL_PCD_Start
                0x00000000080008d2       0x4c ./Drivers/STM32F1xx_HAL_Driver/Src/stm32f1xx_hal_pcd.o
                0x00000000080008d2                HAL_PCD_Start
 .text.HAL_PCD_IRQHandler
                0x000000000800091e      0x260 ./Drivers/STM32F1xx_HAL_Driver/Src/stm32f1xx_hal_pcd.o
                0x000000000800091e                HAL_PCD_IRQHandler
 .text.HAL_PCD_SetAddress
                0x0000000008000b7e       0x48 ./Drivers/STM32F1xx_HAL_Driver/Src/stm32f1xx_hal_pcd.o
                0x0000000008000b7e                HAL_PCD_SetAddress
 .text.HAL_PCD_EP_Open
                0x0000000008000bc6       0xba ./Drivers/STM32F1xx_HAL_Driver/Src/stm32f1xx_hal_pcd.o
                0x0000000008000bc6                HAL_PCD_EP_Open
 .text.HAL_PCD_EP_Close
                0x0000000008000c80       0x90 ./Drivers/STM32F1xx_HAL_Driver/Src/stm32f1xx_hal_pcd.o
                0x0000000008000c80                HAL_PCD_EP_Close
 .text.HAL_PCD_EP_Receive
                0x0000000008000d10       0x62 ./Drivers/STM32F1xx_HAL_Driver/Src/stm32f1xx_hal_pcd.o
                0x0000000008000d10                HAL_PCD_EP_Receive
 .text.HAL_PCD_EP_GetRxCount
                0x0000000008000d72       0x2e ./Drivers/STM32F1xx_HAL_Driver/Src/stm32f1xx_hal_pcd.o
                0x0000000008000d72                HAL_PCD_EP_GetRxCount
 .text.HAL_PCD_EP_Transmit
                0x0000000008000da0       0x6e ./Drivers/STM32F1xx_HAL_Driver/Src/stm32f1xx_hal_pcd.o
                0x0000000008000da0                HAL_PCD_EP_Transmit
 .text.HAL_PCD_EP_SetStall
                0x0000000008000e0e       0xc0 ./Drivers/STM32F1xx_HAL_Driver/Src/stm32f1xx_hal_pcd.o
                0x0000000008000e0e                HAL_PCD_EP_SetStall
 .text.HAL_PCD_EP_ClrStall
                0x0000000008000ece       0xa8 ./Drivers/STM32F1xx_HAL_Driver/Src/stm32f1xx_hal_pcd.o
                0x0000000008000ece                HAL_PCD_EP_ClrStall
 .text.PCD_EP_ISR_Handler
                0x0000000008000f76      0x7a0 ./Drivers/STM32F1xx_HAL_Driver/Src/stm32f1xx_hal_pcd.o
 .text.HAL_PCD_EP_DB_Receive
                0x0000000008001716      0x21a ./Drivers/STM32F1xx_HAL_Driver/Src/stm32f1xx_hal_pcd.o
 .text.HAL_PCD_EP_DB_Transmit
                0x0000000008001930      0x7f4 ./Drivers/STM32F1xx_HAL_Driver/Src/stm32f1xx_hal_pcd.o
 .text.HAL_PCDEx_PMAConfig
                0x0000000008002124       0x84 ./Drivers/STM32F1xx_HAL_Driver/Src/stm32f1xx_hal_pcd_ex.o
                0x0000000008002124                HAL_PCDEx_PMAConfig
 .text.HAL_RCC_OscConfig
                0x00000000080021a8      0x504 ./Drivers/STM32F1xx_HAL_Driver/Src/stm32f1xx_hal_rcc.o
                0x00000000080021a8                HAL_RCC_OscConfig
 .text.HAL_RCC_ClockConfig
                0x00000000080026ac      0x1d4 ./Drivers/STM32F1xx_HAL_Driver/Src/stm32f1xx_hal_rcc.o
                0x00000000080026ac                HAL_RCC_ClockConfig
 .text.HAL_RCC_GetSysClockFreq
                0x0000000008002880       0xa8 ./Drivers/STM32F1xx_HAL_Driver/Src/stm32f1xx_hal_rcc.o
                0x0000000008002880                HAL_RCC_GetSysClockFreq
 .text.RCC_Delay
                0x0000000008002928       0x3c ./Drivers/STM32F1xx_HAL_Driver/Src/stm32f1xx_hal_rcc.o
 .text.HAL_RCCEx_PeriphCLKConfig
                0x0000000008002964      0x16c ./Drivers/STM32F1xx_HAL_Driver/Src/stm32f1xx_hal_rcc_ex.o
                0x0000000008002964                HAL_RCCEx_PeriphCLKConfig
 .text.USB_CoreInit
                0x0000000008002ad0       0x1a ./Drivers/STM32F1xx_HAL_Driver/Src/stm32f1xx_ll_usb.o
                0x0000000008002ad0                USB_CoreInit
 .text.USB_EnableGlobalInt
                0x0000000008002aea       0x2c ./Drivers/STM32F1xx_HAL_Driver/Src/stm32f1xx_ll_usb.o
                0x0000000008002aea                USB_EnableGlobalInt
 .text.USB_DisableGlobalInt
                0x0000000008002b16       0x34 ./Drivers/STM32F1xx_HAL_Driver/Src/stm32f1xx_ll_usb.o
                0x0000000008002b16                USB_DisableGlobalInt
 .text.USB_SetCurrentMode
                0x0000000008002b4a       0x18 ./Drivers/STM32F1xx_HAL_Driver/Src/stm32f1xx_ll_usb.o
                0x0000000008002b4a                USB_SetCurrentMode
 .text.USB_DevInit
                0x0000000008002b62       0x3a ./Drivers/STM32F1xx_HAL_Driver/Src/stm32f1xx_ll_usb.o
                0x0000000008002b62                USB_DevInit
 .text.USB_ActivateEndpoint
                0x0000000008002b9c      0x780 ./Drivers/STM32F1xx_HAL_Driver/Src/stm32f1xx_ll_usb.o
                0x0000000008002b9c                USB_ActivateEndpoint
 .text.USB_DeactivateEndpoint
                0x000000000800331c      0x3d8 ./Drivers/STM32F1xx_HAL_Driver/Src/stm32f1xx_ll_usb.o
                0x000000000800331c                USB_DeactivateEndpoint
 .text.USB_EPStartXfer
                0x00000000080036f4     0x1762 ./Drivers/STM32F1xx_HAL_Driver/Src/stm32f1xx_ll_usb.o
                0x00000000080036f4                USB_EPStartXfer
 .text.USB_EPSetStall
                0x0000000008004e56       0xa0 ./Drivers/STM32F1xx_HAL_Driver/Src/stm32f1xx_ll_usb.o
                0x0000000008004e56                USB_EPSetStall
 .text.USB_EPClearStall
                0x0000000008004ef6      0x15a ./Drivers/STM32F1xx_HAL_Driver/Src/stm32f1xx_ll_usb.o
                0x0000000008004ef6                USB_EPClearStall
 .text.USB_SetDevAddress
                0x0000000008005050       0x26 ./Drivers/STM32F1xx_HAL_Driver/Src/stm32f1xx_ll_usb.o
                0x0000000008005050                USB_SetDevAddress
 .text.USB_DevConnect
                0x0000000008005076       0x14 ./Drivers/STM32F1xx_HAL_Driver/Src/stm32f1xx_ll_usb.o
                0x0000000008005076                USB_DevConnect
 .text.USB_DevDisconnect
                0x000000000800508a       0x14 ./Drivers/STM32F1xx_HAL_Driver/Src/stm32f1xx_ll_usb.o
                0x000000000800508a                USB_DevDisconnect
 .text.USB_ReadInterrupts
                0x000000000800509e       0x1e ./Drivers/STM32F1xx_HAL_Driver/Src/stm32f1xx_ll_usb.o
                0x000000000800509e                USB_ReadInterrupts
 .text.USB_EP0_OutStart
                0x00000000080050bc       0x16 ./Drivers/STM32F1xx_HAL_Driver/Src/stm32f1xx_ll_usb.o
                0x00000000080050bc                USB_EP0_OutStart
 .text.USB_WritePMA
                0x00000000080050d2       0x8a ./Drivers/STM32F1xx_HAL_Driver/Src/stm32f1xx_ll_usb.o
                0x00000000080050d2                USB_WritePMA
 .text.USB_ReadPMA
                0x000000000800515c       0x9e ./Drivers/STM32F1xx_HAL_Driver/Src/stm32f1xx_ll_usb.o
                0x000000000800515c                USB_ReadPMA
 .text.USBD_CDC_Init
                0x00000000080051fa       0xf4 ./Middlewares/ST/STM32_USB_Device_Library/Class/CDC/Src/usbd_cdc.o
 .text.USBD_CDC_DeInit
                0x00000000080052ee       0x6e ./Middlewares/ST/STM32_USB_Device_Library/Class/CDC/Src/usbd_cdc.o
 .text.USBD_CDC_Setup
                0x000000000800535c      0x146 ./Middlewares/ST/STM32_USB_Device_Library/Class/CDC/Src/usbd_cdc.o
 .text.USBD_CDC_DataIn
                0x00000000080054a2       0xa6 ./Middlewares/ST/STM32_USB_Device_Library/Class/CDC/Src/usbd_cdc.o
 .text.USBD_CDC_DataOut
                0x0000000008005548       0x56 ./Middlewares/ST/STM32_USB_Device_Library/Class/CDC/Src/usbd_cdc.o
 .text.USBD_CDC_EP0_RxReady
                0x000000000800559e       0x50 ./Middlewares/ST/STM32_USB_Device_Library/Class/CDC/Src/usbd_cdc.o
 *fill*         0x00000000080055ee        0x2 
 .text.USBD_CDC_GetFSCfgDesc
                0x00000000080055f0       0x20 ./Middlewares/ST/STM32_USB_Device_Library/Class/CDC/Src/usbd_cdc.o
 .text.USBD_CDC_GetHSCfgDesc
                0x0000000008005610       0x20 ./Middlewares/ST/STM32_USB_Device_Library/Class/CDC/Src/usbd_cdc.o
 .text.USBD_CDC_GetOtherSpeedCfgDesc
                0x0000000008005630       0x20 ./Middlewares/ST/STM32_USB_Device_Library/Class/CDC/Src/usbd_cdc.o
 .text.USBD_CDC_GetDeviceQualifierDescriptor
                0x0000000008005650       0x20 ./Middlewares/ST/STM32_USB_Device_Library/Class/CDC/Src/usbd_cdc.o
                0x0000000008005650                USBD_CDC_GetDeviceQualifierDescriptor
 .text.USBD_CDC_RegisterInterface
                0x0000000008005670       0x2c ./Middlewares/ST/STM32_USB_Device_Library/Class/CDC/Src/usbd_cdc.o
                0x0000000008005670                USBD_CDC_RegisterInterface
 .text.USBD_CDC_SetTxBuffer
                0x000000000800569c       0x32 ./Middlewares/ST/STM32_USB_Device_Library/Class/CDC/Src/usbd_cdc.o
                0x000000000800569c                USBD_CDC_SetTxBuffer
 .text.USBD_CDC_SetRxBuffer
                0x00000000080056ce       0x26 ./Middlewares/ST/STM32_USB_Device_Library/Class/CDC/Src/usbd_cdc.o
                0x00000000080056ce                USBD_CDC_SetRxBuffer
 .text.USBD_CDC_TransmitPacket
                0x00000000080056f4       0x5e ./Middlewares/ST/STM32_USB_Device_Library/Class/CDC/Src/usbd_cdc.o
                0x00000000080056f4                USBD_CDC_TransmitPacket
 .text.USBD_CDC_ReceivePacket
                0x0000000008005752       0x54 ./Middlewares/ST/STM32_USB_Device_Library/Class/CDC/Src/usbd_cdc.o
                0x0000000008005752                USBD_CDC_ReceivePacket
 .text.USBD_Init
                0x00000000080057a6       0x56 ./Middlewares/ST/STM32_USB_Device_Library/Core/Src/usbd_core.o
                0x00000000080057a6                USBD_Init
 .text.USBD_RegisterClass
                0x00000000080057fc       0x32 ./Middlewares/ST/STM32_USB_Device_Library/Core/Src/usbd_core.o
                0x00000000080057fc                USBD_RegisterClass
 .text.USBD_Start
                0x000000000800582e       0x18 ./Middlewares/ST/STM32_USB_Device_Library/Core/Src/usbd_core.o
                0x000000000800582e                USBD_Start
 .text.USBD_RunTestMode
                0x0000000008005846       0x14 ./Middlewares/ST/STM32_USB_Device_Library/Core/Src/usbd_core.o
                0x0000000008005846                USBD_RunTestMode
 .text.USBD_SetClassConfig
                0x000000000800585a       0x3e ./Middlewares/ST/STM32_USB_Device_Library/Core/Src/usbd_core.o
                0x000000000800585a                USBD_SetClassConfig
 .text.USBD_ClrClassConfig
                0x0000000008005898       0x26 ./Middlewares/ST/STM32_USB_Device_Library/Core/Src/usbd_core.o
                0x0000000008005898                USBD_ClrClassConfig
 .text.USBD_LL_SetupStage
                0x00000000080058be       0x9a ./Middlewares/ST/STM32_USB_Device_Library/Core/Src/usbd_core.o
                0x00000000080058be                USBD_LL_SetupStage
 .text.USBD_LL_DataOutStage
                0x0000000008005958       0xe2 ./Middlewares/ST/STM32_USB_Device_Library/Core/Src/usbd_core.o
                0x0000000008005958                USBD_LL_DataOutStage
 .text.USBD_LL_DataInStage
                0x0000000008005a3a      0x14a ./Middlewares/ST/STM32_USB_Device_Library/Core/Src/usbd_core.o
                0x0000000008005a3a                USBD_LL_DataInStage
 .text.USBD_LL_Reset
                0x0000000008005b84       0x82 ./Middlewares/ST/STM32_USB_Device_Library/Core/Src/usbd_core.o
                0x0000000008005b84                USBD_LL_Reset
 .text.USBD_LL_SetSpeed
                0x0000000008005c06       0x1e ./Middlewares/ST/STM32_USB_Device_Library/Core/Src/usbd_core.o
                0x0000000008005c06                USBD_LL_SetSpeed
 .text.USBD_LL_Suspend
                0x0000000008005c24       0x28 ./Middlewares/ST/STM32_USB_Device_Library/Core/Src/usbd_core.o
                0x0000000008005c24                USBD_LL_Suspend
 .text.USBD_LL_Resume
                0x0000000008005c4c       0x2a ./Middlewares/ST/STM32_USB_Device_Library/Core/Src/usbd_core.o
                0x0000000008005c4c                USBD_LL_Resume
 .text.USBD_LL_SOF
                0x0000000008005c76       0x34 ./Middlewares/ST/STM32_USB_Device_Library/Core/Src/usbd_core.o
                0x0000000008005c76                USBD_LL_SOF
 *fill*         0x0000000008005caa        0x2 
 .text.USBD_StdDevReq
                0x0000000008005cac       0xd4 ./Middlewares/ST/STM32_USB_Device_Library/Core/Src/usbd_ctlreq.o
                0x0000000008005cac                USBD_StdDevReq
 .text.USBD_StdItfReq
                0x0000000008005d80       0x90 ./Middlewares/ST/STM32_USB_Device_Library/Core/Src/usbd_ctlreq.o
                0x0000000008005d80                USBD_StdItfReq
 .text.USBD_StdEPReq
                0x0000000008005e10      0x2c6 ./Middlewares/ST/STM32_USB_Device_Library/Core/Src/usbd_ctlreq.o
                0x0000000008005e10                USBD_StdEPReq
 *fill*         0x00000000080060d6        0x2 
 .text.USBD_GetDescriptor
                0x00000000080060d8      0x2d0 ./Middlewares/ST/STM32_USB_Device_Library/Core/Src/usbd_ctlreq.o
 .text.USBD_SetAddress
                0x00000000080063a8       0x86 ./Middlewares/ST/STM32_USB_Device_Library/Core/Src/usbd_ctlreq.o
 *fill*         0x000000000800642e        0x2 
 .text.USBD_SetConfig
                0x0000000008006430      0x11c ./Middlewares/ST/STM32_USB_Device_Library/Core/Src/usbd_ctlreq.o
 .text.USBD_GetConfig
                0x000000000800654c       0x6a ./Middlewares/ST/STM32_USB_Device_Library/Core/Src/usbd_ctlreq.o
 .text.USBD_GetStatus
                0x00000000080065b6       0x66 ./Middlewares/ST/STM32_USB_Device_Library/Core/Src/usbd_ctlreq.o
 .text.USBD_SetFeature
                0x000000000800661c       0x28 ./Middlewares/ST/STM32_USB_Device_Library/Core/Src/usbd_ctlreq.o
 .text.USBD_ClrFeature
                0x0000000008006644       0x42 ./Middlewares/ST/STM32_USB_Device_Library/Core/Src/usbd_ctlreq.o
 .text.USBD_ParseSetupRequest
                0x0000000008006686       0x78 ./Middlewares/ST/STM32_USB_Device_Library/Core/Src/usbd_ctlreq.o
                0x0000000008006686                USBD_ParseSetupRequest
 .text.USBD_CtlError
                0x00000000080066fe       0x22 ./Middlewares/ST/STM32_USB_Device_Library/Core/Src/usbd_ctlreq.o
                0x00000000080066fe                USBD_CtlError
 .text.USBD_GetString
                0x0000000008006720       0x84 ./Middlewares/ST/STM32_USB_Device_Library/Core/Src/usbd_ctlreq.o
                0x0000000008006720                USBD_GetString
 .text.USBD_GetLen
                0x00000000080067a4       0x2e ./Middlewares/ST/STM32_USB_Device_Library/Core/Src/usbd_ctlreq.o
 .text.USBD_CtlSendData
                0x00000000080067d2       0x38 ./Middlewares/ST/STM32_USB_Device_Library/Core/Src/usbd_ioreq.o
                0x00000000080067d2                USBD_CtlSendData
 .text.USBD_CtlContinueSendData
                0x000000000800680a       0x24 ./Middlewares/ST/STM32_USB_Device_Library/Core/Src/usbd_ioreq.o
                0x000000000800680a                USBD_CtlContinueSendData
 .text.USBD_CtlPrepareRx
                0x000000000800682e       0x3c ./Middlewares/ST/STM32_USB_Device_Library/Core/Src/usbd_ioreq.o
                0x000000000800682e                USBD_CtlPrepareRx
 .text.USBD_CtlContinueRx
                0x000000000800686a       0x24 ./Middlewares/ST/STM32_USB_Device_Library/Core/Src/usbd_ioreq.o
                0x000000000800686a                USBD_CtlContinueRx
 .text.USBD_CtlSendStatus
                0x000000000800688e       0x26 ./Middlewares/ST/STM32_USB_Device_Library/Core/Src/usbd_ioreq.o
                0x000000000800688e                USBD_CtlSendStatus
 .text.USBD_CtlReceiveStatus
                0x00000000080068b4       0x26 ./Middlewares/ST/STM32_USB_Device_Library/Core/Src/usbd_ioreq.o
                0x00000000080068b4                USBD_CtlReceiveStatus
 *fill*         0x00000000080068da        0x2 
 .text.MX_USB_DEVICE_Init
                0x00000000080068dc       0x60 ./USB_DEVICE/App/usb_device.o
                0x00000000080068dc                MX_USB_DEVICE_Init
 .text.CDC_Init_FS
                0x000000000800693c       0x28 ./USB_DEVICE/App/usbd_cdc_if.o
 .text.CDC_DeInit_FS
                0x0000000008006964        0xe ./USB_DEVICE/App/usbd_cdc_if.o
 *fill*         0x0000000008006972        0x2 
 .text.CDC_Control_FS
                0x0000000008006974       0xbc ./USB_DEVICE/App/usbd_cdc_if.o
 .text.CDC_Receive_FS
                0x0000000008006a30       0x28 ./USB_DEVICE/App/usbd_cdc_if.o
 .text.CDC_Transmit_FS
                0x0000000008006a58       0x4c ./USB_DEVICE/App/usbd_cdc_if.o
                0x0000000008006a58                CDC_Transmit_FS
 .text.USBD_FS_DeviceDescriptor
                0x0000000008006aa4       0x24 ./USB_DEVICE/App/usbd_desc.o
                0x0000000008006aa4                USBD_FS_DeviceDescriptor
 .text.USBD_FS_LangIDStrDescriptor
                0x0000000008006ac8       0x24 ./USB_DEVICE/App/usbd_desc.o
                0x0000000008006ac8                USBD_FS_LangIDStrDescriptor
 .text.USBD_FS_ProductStrDescriptor
                0x0000000008006aec       0x3c ./USB_DEVICE/App/usbd_desc.o
                0x0000000008006aec                USBD_FS_ProductStrDescriptor
 .text.USBD_FS_ManufacturerStrDescriptor
                0x0000000008006b28       0x28 ./USB_DEVICE/App/usbd_desc.o
                0x0000000008006b28                USBD_FS_ManufacturerStrDescriptor
 .text.USBD_FS_SerialStrDescriptor
                0x0000000008006b50       0x24 ./USB_DEVICE/App/usbd_desc.o
                0x0000000008006b50                USBD_FS_SerialStrDescriptor
 .text.USBD_FS_ConfigStrDescriptor
                0x0000000008006b74       0x3c ./USB_DEVICE/App/usbd_desc.o
                0x0000000008006b74                USBD_FS_ConfigStrDescriptor
 .text.USBD_FS_InterfaceStrDescriptor
                0x0000000008006bb0       0x3c ./USB_DEVICE/App/usbd_desc.o
                0x0000000008006bb0                USBD_FS_InterfaceStrDescriptor
 .text.Get_SerialNum
                0x0000000008006bec       0x58 ./USB_DEVICE/App/usbd_desc.o
 .text.IntToUnicode
                0x0000000008006c44       0x7c ./USB_DEVICE/App/usbd_desc.o
 .text.HAL_PCD_MspInit
                0x0000000008006cc0       0x4c ./USB_DEVICE/Target/usbd_conf.o
                0x0000000008006cc0                HAL_PCD_MspInit
 .text.HAL_PCD_SetupStageCallback
                0x0000000008006d0c       0x24 ./USB_DEVICE/Target/usbd_conf.o
                0x0000000008006d0c                HAL_PCD_SetupStageCallback
 .text.HAL_PCD_DataOutStageCallback
                0x0000000008006d30       0x36 ./USB_DEVICE/Target/usbd_conf.o
                0x0000000008006d30                HAL_PCD_DataOutStageCallback
 .text.HAL_PCD_DataInStageCallback
                0x0000000008006d66       0x34 ./USB_DEVICE/Target/usbd_conf.o
                0x0000000008006d66                HAL_PCD_DataInStageCallback
 .text.HAL_PCD_SOFCallback
                0x0000000008006d9a       0x1c ./USB_DEVICE/Target/usbd_conf.o
                0x0000000008006d9a                HAL_PCD_SOFCallback
 .text.HAL_PCD_ResetCallback
                0x0000000008006db6       0x3c ./USB_DEVICE/Target/usbd_conf.o
                0x0000000008006db6                HAL_PCD_ResetCallback
 *fill*         0x0000000008006df2        0x2 
 .text.HAL_PCD_SuspendCallback
                0x0000000008006df4       0x34 ./USB_DEVICE/Target/usbd_conf.o
                0x0000000008006df4                HAL_PCD_SuspendCallback
 .text.HAL_PCD_ResumeCallback
                0x0000000008006e28       0x1c ./USB_DEVICE/Target/usbd_conf.o
                0x0000000008006e28                HAL_PCD_ResumeCallback
 .text.USBD_LL_Init
                0x0000000008006e44       0xb4 ./USB_DEVICE/Target/usbd_conf.o
                0x0000000008006e44                USBD_LL_Init
 .text.USBD_LL_Start
                0x0000000008006ef8       0x36 ./USB_DEVICE/Target/usbd_conf.o
                0x0000000008006ef8                USBD_LL_Start
 .text.USBD_LL_OpenEP
                0x0000000008006f2e       0x4c ./USB_DEVICE/Target/usbd_conf.o
                0x0000000008006f2e                USBD_LL_OpenEP
 .text.USBD_LL_CloseEP
                0x0000000008006f7a       0x3e ./USB_DEVICE/Target/usbd_conf.o
                0x0000000008006f7a                USBD_LL_CloseEP
 .text.USBD_LL_StallEP
                0x0000000008006fb8       0x3e ./USB_DEVICE/Target/usbd_conf.o
                0x0000000008006fb8                USBD_LL_StallEP
 .text.USBD_LL_ClearStallEP
                0x0000000008006ff6       0x3e ./USB_DEVICE/Target/usbd_conf.o
                0x0000000008006ff6                USBD_LL_ClearStallEP
 .text.USBD_LL_IsStallEP
                0x0000000008007034       0x56 ./USB_DEVICE/Target/usbd_conf.o
                0x0000000008007034                USBD_LL_IsStallEP
 .text.USBD_LL_SetUSBAddress
                0x000000000800708a       0x3e ./USB_DEVICE/Target/usbd_conf.o
                0x000000000800708a                USBD_LL_SetUSBAddress
 .text.USBD_LL_Transmit
                0x00000000080070c8       0x46 ./USB_DEVICE/Target/usbd_conf.o
                0x00000000080070c8                USBD_LL_Transmit
 .text.USBD_LL_PrepareReceive
                0x000000000800710e       0x46 ./USB_DEVICE/Target/usbd_conf.o
                0x000000000800710e                USBD_LL_PrepareReceive
 .text.USBD_LL_GetRxDataSize
                0x0000000008007154       0x26 ./USB_DEVICE/Target/usbd_conf.o
                0x0000000008007154                USBD_LL_GetRxDataSize
 *fill*         0x000000000800717a        0x2 
 .text.USBD_static_malloc
                0x000000000800717c       0x18 ./USB_DEVICE/Target/usbd_conf.o
                0x000000000800717c                USBD_static_malloc
 .text.USBD_static_free
                0x0000000008007194       0x12 ./USB_DEVICE/Target/usbd_conf.o
                0x0000000008007194                USBD_static_free
 .text.HAL_PCDEx_SetConnectionState
                0x00000000080071a6       0x16 ./USB_DEVICE/Target/usbd_conf.o
                0x00000000080071a6                HAL_PCDEx_SetConnectionState
 .text.USBD_Get_USB_Status
                0x00000000080071bc       0x58 ./USB_DEVICE/Target/usbd_conf.o
 .text.__libc_init_array
                0x0000000008007214       0x48 c:/st/stm32cubeide_1.12.0/stm32cubeide/plugins/com.st.stm32cube.ide.mcu.externaltools.gnu-tools-for-stm32.10.3-2021.10.win32_1.0.200.202301161003/tools/bin/../lib/gcc/arm-none-eabi/10.3.1/../../../../arm-none-eabi/lib/thumb/v7-m/nofp\libc_nano.a(lib_a-init.o)
                0x0000000008007214                __libc_init_array
 .text.memset   0x000000000800725c       0x10 c:/st/stm32cubeide_1.12.0/stm32cubeide/plugins/com.st.stm32cube.ide.mcu.externaltools.gnu-tools-for-stm32.10.3-2021.10.win32_1.0.200.202301161003/tools/bin/../lib/gcc/arm-none-eabi/10.3.1/../../../../arm-none-eabi/lib/thumb/v7-m/nofp\libc_nano.a(lib_a-memset.o)
                0x000000000800725c                memset
 *(.glue_7)
 .glue_7        0x000000000800726c        0x0 linker stubs
 *(.glue_7t)
 .glue_7t       0x000000000800726c        0x0 linker stubs
 *(.eh_frame)
 .eh_frame      0x000000000800726c        0x0 c:/st/stm32cubeide_1.12.0/stm32cubeide/plugins/com.st.stm32cube.ide.mcu.externaltools.gnu-tools-for-stm32.10.3-2021.10.win32_1.0.200.202301161003/tools/bin/../lib/gcc/arm-none-eabi/10.3.1/thumb/v7-m/nofp/crtbegin.o
 *(.init)
 .init          0x000000000800726c        0x4 c:/st/stm32cubeide_1.12.0/stm32cubeide/plugins/com.st.stm32cube.ide.mcu.externaltools.gnu-tools-for-stm32.10.3-2021.10.win32_1.0.200.202301161003/tools/bin/../lib/gcc/arm-none-eabi/10.3.1/thumb/v7-m/nofp/crti.o
                0x000000000800726c                _init
 .init          0x0000000008007270        0x8 c:/st/stm32cubeide_1.12.0/stm32cubeide/plugins/com.st.stm32cube.ide.mcu.externaltools.gnu-tools-for-stm32.10.3-2021.10.win32_1.0.200.202301161003/tools/bin/../lib/gcc/arm-none-eabi/10.3.1/thumb/v7-m/nofp/crtn.o
 *(.fini)
 .fini          0x0000000008007278        0x4 c:/st/stm32cubeide_1.12.0/stm32cubeide/plugins/com.st.stm32cube.ide.mcu.externaltools.gnu-tools-for-stm32.10.3-2021.10.win32_1.0.200.202301161003/tools/bin/../lib/gcc/arm-none-eabi/10.3.1/thumb/v7-m/nofp/crti.o
                0x0000000008007278                _fini
 .fini          0x000000000800727c        0x8 c:/st/stm32cubeide_1.12.0/stm32cubeide/plugins/com.st.stm32cube.ide.mcu.externaltools.gnu-tools-for-stm32.10.3-2021.10.win32_1.0.200.202301161003/tools/bin/../lib/gcc/arm-none-eabi/10.3.1/thumb/v7-m/nofp/crtn.o
                0x0000000008007284                . = ALIGN (0x4)
                0x0000000008007284                _etext = .

.vfp11_veneer   0x0000000008007284        0x0
 .vfp11_veneer  0x0000000008007284        0x0 linker stubs

.v4_bx          0x0000000008007284        0x0
 .v4_bx         0x0000000008007284        0x0 linker stubs

.iplt           0x0000000008007284        0x0
 .iplt          0x0000000008007284        0x0 c:/st/stm32cubeide_1.12.0/stm32cubeide/plugins/com.st.stm32cube.ide.mcu.externaltools.gnu-tools-for-stm32.10.3-2021.10.win32_1.0.200.202301161003/tools/bin/../lib/gcc/arm-none-eabi/10.3.1/thumb/v7-m/nofp/crtbegin.o

.rodata         0x0000000008007284       0x88
                0x0000000008007284                . = ALIGN (0x4)
 *(.rodata)
 .rodata        0x0000000008007284       0x1a ./Core/Src/main.o
 *fill*         0x000000000800729e        0x2 
 .rodata        0x00000000080072a0       0x46 ./USB_DEVICE/App/usbd_desc.o
 *(.rodata*)
 *fill*         0x00000000080072e6        0x2 
 .rodata.AHBPrescTable
                0x00000000080072e8       0x10 ./Core/Src/system_stm32f1xx.o
                0x00000000080072e8                AHBPrescTable
 .rodata.aPLLMULFactorTable.1
                0x00000000080072f8       0x10 ./Drivers/STM32F1xx_HAL_Driver/Src/stm32f1xx_hal_rcc.o
 .rodata.aPredivFactorTable.0
                0x0000000008007308        0x2 ./Drivers/STM32F1xx_HAL_Driver/Src/stm32f1xx_hal_rcc.o
                0x000000000800730c                . = ALIGN (0x4)
 *fill*         0x000000000800730a        0x2 

.rel.dyn        0x000000000800730c        0x0
 .rel.iplt      0x000000000800730c        0x0 c:/st/stm32cubeide_1.12.0/stm32cubeide/plugins/com.st.stm32cube.ide.mcu.externaltools.gnu-tools-for-stm32.10.3-2021.10.win32_1.0.200.202301161003/tools/bin/../lib/gcc/arm-none-eabi/10.3.1/thumb/v7-m/nofp/crtbegin.o

.ARM.extab      0x000000000800730c        0x0
                0x000000000800730c                . = ALIGN (0x4)
 *(.ARM.extab* .gnu.linkonce.armextab.*)
                0x000000000800730c                . = ALIGN (0x4)

.ARM            0x000000000800730c        0x0
                0x000000000800730c                . = ALIGN (0x4)
                0x000000000800730c                __exidx_start = .
 *(.ARM.exidx*)
                0x000000000800730c                __exidx_end = .
                0x000000000800730c                . = ALIGN (0x4)

.preinit_array  0x000000000800730c        0x0
                0x000000000800730c                . = ALIGN (0x4)
                0x000000000800730c                PROVIDE (__preinit_array_start = .)
 *(.preinit_array*)
                0x000000000800730c                PROVIDE (__preinit_array_end = .)
                0x000000000800730c                . = ALIGN (0x4)

.init_array     0x000000000800730c        0x4
                0x000000000800730c                . = ALIGN (0x4)
                0x000000000800730c                PROVIDE (__init_array_start = .)
 *(SORT_BY_NAME(.init_array.*))
 *(.init_array*)
 .init_array    0x000000000800730c        0x4 c:/st/stm32cubeide_1.12.0/stm32cubeide/plugins/com.st.stm32cube.ide.mcu.externaltools.gnu-tools-for-stm32.10.3-2021.10.win32_1.0.200.202301161003/tools/bin/../lib/gcc/arm-none-eabi/10.3.1/thumb/v7-m/nofp/crtbegin.o
                0x0000000008007310                PROVIDE (__init_array_end = .)
                0x0000000008007310                . = ALIGN (0x4)

.fini_array     0x0000000008007310        0x4
                0x0000000008007310                . = ALIGN (0x4)
                [!provide]                        PROVIDE (__fini_array_start = .)
 *(SORT_BY_NAME(.fini_array.*))
 *(.fini_array*)
 .fini_array    0x0000000008007310        0x4 c:/st/stm32cubeide_1.12.0/stm32cubeide/plugins/com.st.stm32cube.ide.mcu.externaltools.gnu-tools-for-stm32.10.3-2021.10.win32_1.0.200.202301161003/tools/bin/../lib/gcc/arm-none-eabi/10.3.1/thumb/v7-m/nofp/crtbegin.o
                [!provide]                        PROVIDE (__fini_array_end = .)
                0x0000000008007314                . = ALIGN (0x4)
                0x0000000008007314                _sidata = LOADADDR (.data)

.data           0x0000000020000000      0x180 load address 0x0000000008007314
                0x0000000020000000                . = ALIGN (0x4)
                0x0000000020000000                _sdata = .
 *(.data)
 *(.data*)
 .data.data     0x0000000020000000        0x4 ./Core/Src/main.o
                0x0000000020000000                data
 .data.SystemCoreClock
                0x0000000020000004        0x4 ./Core/Src/system_stm32f1xx.o
                0x0000000020000004                SystemCoreClock
 .data.uwTickPrio
                0x0000000020000008        0x4 ./Drivers/STM32F1xx_HAL_Driver/Src/stm32f1xx_hal.o
                0x0000000020000008                uwTickPrio
 .data.uwTickFreq
                0x000000002000000c        0x1 ./Drivers/STM32F1xx_HAL_Driver/Src/stm32f1xx_hal.o
                0x000000002000000c                uwTickFreq
 *fill*         0x000000002000000d        0x3 
 .data.USBD_CDC_DeviceQualifierDesc
                0x0000000020000010        0xa ./Middlewares/ST/STM32_USB_Device_Library/Class/CDC/Src/usbd_cdc.o
 *fill*         0x000000002000001a        0x2 
 .data.USBD_CDC
                0x000000002000001c       0x38 ./Middlewares/ST/STM32_USB_Device_Library/Class/CDC/Src/usbd_cdc.o
                0x000000002000001c                USBD_CDC
 .data.USBD_CDC_CfgHSDesc
                0x0000000020000054       0x43 ./Middlewares/ST/STM32_USB_Device_Library/Class/CDC/Src/usbd_cdc.o
                0x0000000020000054                USBD_CDC_CfgHSDesc
 *fill*         0x0000000020000097        0x1 
 .data.USBD_CDC_CfgFSDesc
                0x0000000020000098       0x43 ./Middlewares/ST/STM32_USB_Device_Library/Class/CDC/Src/usbd_cdc.o
                0x0000000020000098                USBD_CDC_CfgFSDesc
 *fill*         0x00000000200000db        0x1 
 .data.USBD_CDC_OtherSpeedCfgDesc
                0x00000000200000dc       0x43 ./Middlewares/ST/STM32_USB_Device_Library/Class/CDC/Src/usbd_cdc.o
                0x00000000200000dc                USBD_CDC_OtherSpeedCfgDesc
 *fill*         0x000000002000011f        0x1 
 .data.USBD_Interface_fops_FS
                0x0000000020000120       0x10 ./USB_DEVICE/App/usbd_cdc_if.o
                0x0000000020000120                USBD_Interface_fops_FS
 .data.FS_Desc  0x0000000020000130       0x1c ./USB_DEVICE/App/usbd_desc.o
                0x0000000020000130                FS_Desc
 .data.USBD_FS_DeviceDesc
                0x000000002000014c       0x12 ./USB_DEVICE/App/usbd_desc.o
                0x000000002000014c                USBD_FS_DeviceDesc
 *fill*         0x000000002000015e        0x2 
 .data.USBD_LangIDDesc
                0x0000000020000160        0x4 ./USB_DEVICE/App/usbd_desc.o
                0x0000000020000160                USBD_LangIDDesc
 .data.USBD_StringSerial
                0x0000000020000164       0x1a ./USB_DEVICE/App/usbd_desc.o
                0x0000000020000164                USBD_StringSerial
 *(.RamFunc)
 *(.RamFunc*)
                0x0000000020000180                . = ALIGN (0x4)
 *fill*         0x000000002000017e        0x2 
                0x0000000020000180                _edata = .

.igot.plt       0x0000000020000180        0x0 load address 0x0000000008007494
 .igot.plt      0x0000000020000180        0x0 c:/st/stm32cubeide_1.12.0/stm32cubeide/plugins/com.st.stm32cube.ide.mcu.externaltools.gnu-tools-for-stm32.10.3-2021.10.win32_1.0.200.202301161003/tools/bin/../lib/gcc/arm-none-eabi/10.3.1/thumb/v7-m/nofp/crtbegin.o
                0x0000000020000180                . = ALIGN (0x4)

.bss            0x0000000020000180     0x11e0 load address 0x0000000008007494
                0x0000000020000180                _sbss = .
                0x0000000020000180                __bss_start__ = _sbss
 *(.bss)
 .bss           0x0000000020000180       0x1c c:/st/stm32cubeide_1.12.0/stm32cubeide/plugins/com.st.stm32cube.ide.mcu.externaltools.gnu-tools-for-stm32.10.3-2021.10.win32_1.0.200.202301161003/tools/bin/../lib/gcc/arm-none-eabi/10.3.1/thumb/v7-m/nofp/crtbegin.o
 *(.bss*)
 .bss.uwTick    0x000000002000019c        0x4 ./Drivers/STM32F1xx_HAL_Driver/Src/stm32f1xx_hal.o
                0x000000002000019c                uwTick
 .bss.cfgidx.0  0x00000000200001a0        0x1 ./Middlewares/ST/STM32_USB_Device_Library/Core/Src/usbd_ctlreq.o
 *fill*         0x00000000200001a1        0x3 
 .bss.hUsbDeviceFS
                0x00000000200001a4      0x2c4 ./USB_DEVICE/App/usb_device.o
                0x00000000200001a4                hUsbDeviceFS
 .bss.UserRxBufferFS
                0x0000000020000468      0x400 ./USB_DEVICE/App/usbd_cdc_if.o
                0x0000000020000468                UserRxBufferFS
 .bss.UserTxBufferFS
                0x0000000020000868      0x400 ./USB_DEVICE/App/usbd_cdc_if.o
                0x0000000020000868                UserTxBufferFS
 .bss.USBD_StrDesc
                0x0000000020000c68      0x200 ./USB_DEVICE/App/usbd_desc.o
                0x0000000020000c68                USBD_StrDesc
 .bss.hpcd_USB_FS
                0x0000000020000e68      0x2d8 ./USB_DEVICE/Target/usbd_conf.o
                0x0000000020000e68                hpcd_USB_FS
 .bss.mem.0     0x0000000020001140      0x220 ./USB_DEVICE/Target/usbd_conf.o
 *(COMMON)
                0x0000000020001360                . = ALIGN (0x4)
                0x0000000020001360                _ebss = .
                0x0000000020001360                __bss_end__ = _ebss

._user_heap_stack
                0x0000000020001360      0x600 load address 0x0000000008007494
                0x0000000020001360                . = ALIGN (0x8)
                [!provide]                        PROVIDE (end = .)
                0x0000000020001360                PROVIDE (_end = .)
                0x0000000020001560                . = (. + _Min_Heap_Size)
 *fill*         0x0000000020001360      0x200 
                0x0000000020001960                . = (. + _Min_Stack_Size)
 *fill*         0x0000000020001560      0x400 
                0x0000000020001960                . = ALIGN (0x8)

/DISCARD/
 libc.a(*)
 libm.a(*)
 libgcc.a(*)

.ARM.attributes
                0x0000000000000000       0x29
 *(.ARM.attributes)
 .ARM.attributes
                0x0000000000000000       0x1d c:/st/stm32cubeide_1.12.0/stm32cubeide/plugins/com.st.stm32cube.ide.mcu.externaltools.gnu-tools-for-stm32.10.3-2021.10.win32_1.0.200.202301161003/tools/bin/../lib/gcc/arm-none-eabi/10.3.1/thumb/v7-m/nofp/crti.o
 .ARM.attributes
                0x000000000000001d       0x2d c:/st/stm32cubeide_1.12.0/stm32cubeide/plugins/com.st.stm32cube.ide.mcu.externaltools.gnu-tools-for-stm32.10.3-2021.10.win32_1.0.200.202301161003/tools/bin/../lib/gcc/arm-none-eabi/10.3.1/thumb/v7-m/nofp/crtbegin.o
 .ARM.attributes
                0x000000000000004a       0x2d ./Core/Src/main.o
 .ARM.attributes
                0x0000000000000077       0x2d ./Core/Src/stm32f1xx_hal_msp.o
 .ARM.attributes
                0x00000000000000a4       0x2d ./Core/Src/stm32f1xx_it.o
 .ARM.attributes
                0x00000000000000d1       0x2d ./Core/Src/system_stm32f1xx.o
 .ARM.attributes
                0x00000000000000fe       0x21 ./Core/Startup/startup_stm32f103c8tx.o
 .ARM.attributes
                0x000000000000011f       0x2d ./Drivers/STM32F1xx_HAL_Driver/Src/stm32f1xx_hal.o
 .ARM.attributes
                0x000000000000014c       0x2d ./Drivers/STM32F1xx_HAL_Driver/Src/stm32f1xx_hal_cortex.o
 .ARM.attributes
                0x0000000000000179       0x2d ./Drivers/STM32F1xx_HAL_Driver/Src/stm32f1xx_hal_pcd.o
 .ARM.attributes
                0x00000000000001a6       0x2d ./Drivers/STM32F1xx_HAL_Driver/Src/stm32f1xx_hal_pcd_ex.o
 .ARM.attributes
                0x00000000000001d3       0x2d ./Drivers/STM32F1xx_HAL_Driver/Src/stm32f1xx_hal_rcc.o
 .ARM.attributes
                0x0000000000000200       0x2d ./Drivers/STM32F1xx_HAL_Driver/Src/stm32f1xx_hal_rcc_ex.o
 .ARM.attributes
                0x000000000000022d       0x2d ./Drivers/STM32F1xx_HAL_Driver/Src/stm32f1xx_ll_usb.o
 .ARM.attributes
                0x000000000000025a       0x2d ./Middlewares/ST/STM32_USB_Device_Library/Class/CDC/Src/usbd_cdc.o
 .ARM.attributes
                0x0000000000000287       0x2d ./Middlewares/ST/STM32_USB_Device_Library/Core/Src/usbd_core.o
 .ARM.attributes
                0x00000000000002b4       0x2d ./Middlewares/ST/STM32_USB_Device_Library/Core/Src/usbd_ctlreq.o
 .ARM.attributes
                0x00000000000002e1       0x2d ./Middlewares/ST/STM32_USB_Device_Library/Core/Src/usbd_ioreq.o
 .ARM.attributes
                0x000000000000030e       0x2d ./USB_DEVICE/App/usb_device.o
 .ARM.attributes
                0x000000000000033b       0x2d ./USB_DEVICE/App/usbd_cdc_if.o
 .ARM.attributes
                0x0000000000000368       0x2d ./USB_DEVICE/App/usbd_desc.o
 .ARM.attributes
                0x0000000000000395       0x2d ./USB_DEVICE/Target/usbd_conf.o
 .ARM.attributes
                0x00000000000003c2       0x2d c:/st/stm32cubeide_1.12.0/stm32cubeide/plugins/com.st.stm32cube.ide.mcu.externaltools.gnu-tools-for-stm32.10.3-2021.10.win32_1.0.200.202301161003/tools/bin/../lib/gcc/arm-none-eabi/10.3.1/../../../../arm-none-eabi/lib/thumb/v7-m/nofp\libc_nano.a(lib_a-init.o)
 .ARM.attributes
                0x00000000000003ef       0x2d c:/st/stm32cubeide_1.12.0/stm32cubeide/plugins/com.st.stm32cube.ide.mcu.externaltools.gnu-tools-for-stm32.10.3-2021.10.win32_1.0.200.202301161003/tools/bin/../lib/gcc/arm-none-eabi/10.3.1/../../../../arm-none-eabi/lib/thumb/v7-m/nofp\libc_nano.a(lib_a-memset.o)
 .ARM.attributes
                0x000000000000041c       0x17 c:/st/stm32cubeide_1.12.0/stm32cubeide/plugins/com.st.stm32cube.ide.mcu.externaltools.gnu-tools-for-stm32.10.3-2021.10.win32_1.0.200.202301161003/tools/bin/../lib/gcc/arm-none-eabi/10.3.1/../../../../arm-none-eabi/lib/thumb/v7-m/nofp\libc_nano.a(lib_a-strlen.o)
 .ARM.attributes
                0x0000000000000433       0x1d c:/st/stm32cubeide_1.12.0/stm32cubeide/plugins/com.st.stm32cube.ide.mcu.externaltools.gnu-tools-for-stm32.10.3-2021.10.win32_1.0.200.202301161003/tools/bin/../lib/gcc/arm-none-eabi/10.3.1/thumb/v7-m/nofp/crtn.o
OUTPUT(Usb_communicationv2.elf elf32-littlearm)
LOAD linker stubs
LOAD c:/st/stm32cubeide_1.12.0/stm32cubeide/plugins/com.st.stm32cube.ide.mcu.externaltools.gnu-tools-for-stm32.10.3-2021.10.win32_1.0.200.202301161003/tools/bin/../lib/gcc/arm-none-eabi/10.3.1/../../../../arm-none-eabi/lib/thumb/v7-m/nofp\libc.a
LOAD c:/st/stm32cubeide_1.12.0/stm32cubeide/plugins/com.st.stm32cube.ide.mcu.externaltools.gnu-tools-for-stm32.10.3-2021.10.win32_1.0.200.202301161003/tools/bin/../lib/gcc/arm-none-eabi/10.3.1/../../../../arm-none-eabi/lib/thumb/v7-m/nofp\libm.a
LOAD c:/st/stm32cubeide_1.12.0/stm32cubeide/plugins/com.st.stm32cube.ide.mcu.externaltools.gnu-tools-for-stm32.10.3-2021.10.win32_1.0.200.202301161003/tools/bin/../lib/gcc/arm-none-eabi/10.3.1/thumb/v7-m/nofp\libgcc.a

.debug_info     0x0000000000000000     0xbf9d
 .debug_info    0x0000000000000000      0x4c7 ./Core/Src/main.o
 .debug_info    0x00000000000004c7      0x210 ./Core/Src/stm32f1xx_hal_msp.o
 .debug_info    0x00000000000006d7      0x660 ./Core/Src/stm32f1xx_it.o
 .debug_info    0x0000000000000d37      0x23d ./Core/Src/system_stm32f1xx.o
 .debug_info    0x0000000000000f74       0x22 ./Core/Startup/startup_stm32f103c8tx.o
 .debug_info    0x0000000000000f96      0x734 ./Drivers/STM32F1xx_HAL_Driver/Src/stm32f1xx_hal.o
 .debug_info    0x00000000000016ca      0xb20 ./Drivers/STM32F1xx_HAL_Driver/Src/stm32f1xx_hal_cortex.o
 .debug_info    0x00000000000021ea     0x183b ./Drivers/STM32F1xx_HAL_Driver/Src/stm32f1xx_hal_pcd.o
 .debug_info    0x0000000000003a25      0x727 ./Drivers/STM32F1xx_HAL_Driver/Src/stm32f1xx_hal_pcd_ex.o
 .debug_info    0x000000000000414c      0x865 ./Drivers/STM32F1xx_HAL_Driver/Src/stm32f1xx_hal_rcc.o
 .debug_info    0x00000000000049b1      0x3e6 ./Drivers/STM32F1xx_HAL_Driver/Src/stm32f1xx_hal_rcc_ex.o
 .debug_info    0x0000000000004d97     0x18e5 ./Drivers/STM32F1xx_HAL_Driver/Src/stm32f1xx_ll_usb.o
 .debug_info    0x000000000000667c     0x10f0 ./Middlewares/ST/STM32_USB_Device_Library/Class/CDC/Src/usbd_cdc.o
 .debug_info    0x000000000000776c      0xb02 ./Middlewares/ST/STM32_USB_Device_Library/Core/Src/usbd_core.o
 .debug_info    0x000000000000826e      0x9b6 ./Middlewares/ST/STM32_USB_Device_Library/Core/Src/usbd_ctlreq.o
 .debug_info    0x0000000000008c24      0x715 ./Middlewares/ST/STM32_USB_Device_Library/Core/Src/usbd_ioreq.o
 .debug_info    0x0000000000009339      0x679 ./USB_DEVICE/App/usb_device.o
 .debug_info    0x00000000000099b2      0x828 ./USB_DEVICE/App/usbd_cdc_if.o
 .debug_info    0x000000000000a1da      0x484 ./USB_DEVICE/App/usbd_desc.o
 .debug_info    0x000000000000a65e     0x193f ./USB_DEVICE/Target/usbd_conf.o

.debug_abbrev   0x0000000000000000     0x268c
 .debug_abbrev  0x0000000000000000      0x21a ./Core/Src/main.o
 .debug_abbrev  0x000000000000021a       0xd4 ./Core/Src/stm32f1xx_hal_msp.o
 .debug_abbrev  0x00000000000002ee      0x188 ./Core/Src/stm32f1xx_it.o
 .debug_abbrev  0x0000000000000476      0x13b ./Core/Src/system_stm32f1xx.o
 .debug_abbrev  0x00000000000005b1       0x12 ./Core/Startup/startup_stm32f103c8tx.o
 .debug_abbrev  0x00000000000005c3      0x1fb ./Drivers/STM32F1xx_HAL_Driver/Src/stm32f1xx_hal.o
 .debug_abbrev  0x00000000000007be      0x2ed ./Drivers/STM32F1xx_HAL_Driver/Src/stm32f1xx_hal_cortex.o
 .debug_abbrev  0x0000000000000aab      0x2c0 ./Drivers/STM32F1xx_HAL_Driver/Src/stm32f1xx_hal_pcd.o
 .debug_abbrev  0x0000000000000d6b      0x17f ./Drivers/STM32F1xx_HAL_Driver/Src/stm32f1xx_hal_pcd_ex.o
 .debug_abbrev  0x0000000000000eea      0x2a8 ./Drivers/STM32F1xx_HAL_Driver/Src/stm32f1xx_hal_rcc.o
 .debug_abbrev  0x0000000000001192      0x182 ./Drivers/STM32F1xx_HAL_Driver/Src/stm32f1xx_hal_rcc_ex.o
 .debug_abbrev  0x0000000000001314      0x1d4 ./Drivers/STM32F1xx_HAL_Driver/Src/stm32f1xx_ll_usb.o
 .debug_abbrev  0x00000000000014e8      0x2c0 ./Middlewares/ST/STM32_USB_Device_Library/Class/CDC/Src/usbd_cdc.o
 .debug_abbrev  0x00000000000017a8      0x236 ./Middlewares/ST/STM32_USB_Device_Library/Core/Src/usbd_core.o
 .debug_abbrev  0x00000000000019de      0x257 ./Middlewares/ST/STM32_USB_Device_Library/Core/Src/usbd_ctlreq.o
 .debug_abbrev  0x0000000000001c35      0x183 ./Middlewares/ST/STM32_USB_Device_Library/Core/Src/usbd_ioreq.o
 .debug_abbrev  0x0000000000001db8      0x183 ./USB_DEVICE/App/usb_device.o
 .debug_abbrev  0x0000000000001f3b      0x252 ./USB_DEVICE/App/usbd_cdc_if.o
 .debug_abbrev  0x000000000000218d      0x1fa ./USB_DEVICE/App/usbd_desc.o
 .debug_abbrev  0x0000000000002387      0x305 ./USB_DEVICE/Target/usbd_conf.o

.debug_aranges  0x0000000000000000      0xa18
 .debug_aranges
                0x0000000000000000       0x38 ./Core/Src/main.o
 .debug_aranges
                0x0000000000000038       0x20 ./Core/Src/stm32f1xx_hal_msp.o
 .debug_aranges
                0x0000000000000058       0x68 ./Core/Src/stm32f1xx_it.o
 .debug_aranges
                0x00000000000000c0       0x28 ./Core/Src/system_stm32f1xx.o
 .debug_aranges
                0x00000000000000e8       0x28 ./Core/Startup/startup_stm32f103c8tx.o
 .debug_aranges
                0x0000000000000110       0xe0 ./Drivers/STM32F1xx_HAL_Driver/Src/stm32f1xx_hal.o
 .debug_aranges
                0x00000000000001f0      0x100 ./Drivers/STM32F1xx_HAL_Driver/Src/stm32f1xx_hal_cortex.o
 .debug_aranges
                0x00000000000002f0      0x140 ./Drivers/STM32F1xx_HAL_Driver/Src/stm32f1xx_hal_pcd.o
 .debug_aranges
                0x0000000000000430       0x38 ./Drivers/STM32F1xx_HAL_Driver/Src/stm32f1xx_hal_pcd_ex.o
 .debug_aranges
                0x0000000000000468       0x90 ./Drivers/STM32F1xx_HAL_Driver/Src/stm32f1xx_hal_rcc.o
 .debug_aranges
                0x00000000000004f8       0x30 ./Drivers/STM32F1xx_HAL_Driver/Src/stm32f1xx_hal_rcc_ex.o
 .debug_aranges
                0x0000000000000528       0xf8 ./Drivers/STM32F1xx_HAL_Driver/Src/stm32f1xx_ll_usb.o
 .debug_aranges
                0x0000000000000620       0x90 ./Middlewares/ST/STM32_USB_Device_Library/Class/CDC/Src/usbd_cdc.o
 .debug_aranges
                0x00000000000006b0       0xb8 ./Middlewares/ST/STM32_USB_Device_Library/Core/Src/usbd_core.o
 .debug_aranges
                0x0000000000000768       0x88 ./Middlewares/ST/STM32_USB_Device_Library/Core/Src/usbd_ctlreq.o
 .debug_aranges
                0x00000000000007f0       0x50 ./Middlewares/ST/STM32_USB_Device_Library/Core/Src/usbd_ioreq.o
 .debug_aranges
                0x0000000000000840       0x20 ./USB_DEVICE/App/usb_device.o
 .debug_aranges
                0x0000000000000860       0x40 ./USB_DEVICE/App/usbd_cdc_if.o
 .debug_aranges
                0x00000000000008a0       0x60 ./USB_DEVICE/App/usbd_desc.o
 .debug_aranges
                0x0000000000000900      0x118 ./USB_DEVICE/Target/usbd_conf.o

.debug_ranges   0x0000000000000000      0x8e0
 .debug_ranges  0x0000000000000000       0x28 ./Core/Src/main.o
 .debug_ranges  0x0000000000000028       0x10 ./Core/Src/stm32f1xx_hal_msp.o
 .debug_ranges  0x0000000000000038       0x58 ./Core/Src/stm32f1xx_it.o
 .debug_ranges  0x0000000000000090       0x18 ./Core/Src/system_stm32f1xx.o
 .debug_ranges  0x00000000000000a8       0x20 ./Core/Startup/startup_stm32f103c8tx.o
 .debug_ranges  0x00000000000000c8       0xd0 ./Drivers/STM32F1xx_HAL_Driver/Src/stm32f1xx_hal.o
 .debug_ranges  0x0000000000000198       0xf0 ./Drivers/STM32F1xx_HAL_Driver/Src/stm32f1xx_hal_cortex.o
 .debug_ranges  0x0000000000000288      0x130 ./Drivers/STM32F1xx_HAL_Driver/Src/stm32f1xx_hal_pcd.o
 .debug_ranges  0x00000000000003b8       0x28 ./Drivers/STM32F1xx_HAL_Driver/Src/stm32f1xx_hal_pcd_ex.o
 .debug_ranges  0x00000000000003e0       0x80 ./Drivers/STM32F1xx_HAL_Driver/Src/stm32f1xx_hal_rcc.o
 .debug_ranges  0x0000000000000460       0x20 ./Drivers/STM32F1xx_HAL_Driver/Src/stm32f1xx_hal_rcc_ex.o
 .debug_ranges  0x0000000000000480       0xe8 ./Drivers/STM32F1xx_HAL_Driver/Src/stm32f1xx_ll_usb.o
 .debug_ranges  0x0000000000000568       0x80 ./Middlewares/ST/STM32_USB_Device_Library/Class/CDC/Src/usbd_cdc.o
 .debug_ranges  0x00000000000005e8       0xa8 ./Middlewares/ST/STM32_USB_Device_Library/Core/Src/usbd_core.o
 .debug_ranges  0x0000000000000690       0x78 ./Middlewares/ST/STM32_USB_Device_Library/Core/Src/usbd_ctlreq.o
 .debug_ranges  0x0000000000000708       0x40 ./Middlewares/ST/STM32_USB_Device_Library/Core/Src/usbd_ioreq.o
 .debug_ranges  0x0000000000000748       0x10 ./USB_DEVICE/App/usb_device.o
 .debug_ranges  0x0000000000000758       0x30 ./USB_DEVICE/App/usbd_cdc_if.o
 .debug_ranges  0x0000000000000788       0x50 ./USB_DEVICE/App/usbd_desc.o
 .debug_ranges  0x00000000000007d8      0x108 ./USB_DEVICE/Target/usbd_conf.o

.debug_macro    0x0000000000000000    0x19437
 .debug_macro   0x0000000000000000      0x3e7 ./Core/Src/main.o
 .debug_macro   0x00000000000003e7      0xa6c ./Core/Src/main.o
 .debug_macro   0x0000000000000e53      0x215 ./Core/Src/main.o
 .debug_macro   0x0000000000001068       0x2e ./Core/Src/main.o
 .debug_macro   0x0000000000001096       0x22 ./Core/Src/main.o
 .debug_macro   0x00000000000010b8       0x22 ./Core/Src/main.o
 .debug_macro   0x00000000000010da       0x8e ./Core/Src/main.o
 .debug_macro   0x0000000000001168       0x51 ./Core/Src/main.o
 .debug_macro   0x00000000000011b9      0x103 ./Core/Src/main.o
 .debug_macro   0x00000000000012bc       0x6a ./Core/Src/main.o
 .debug_macro   0x0000000000001326      0x1df ./Core/Src/main.o
 .debug_macro   0x0000000000001505       0x1c ./Core/Src/main.o
 .debug_macro   0x0000000000001521       0x22 ./Core/Src/main.o
 .debug_macro   0x0000000000001543       0xbd ./Core/Src/main.o
 .debug_macro   0x0000000000001600      0xd23 ./Core/Src/main.o
 .debug_macro   0x0000000000002323     0xe09e ./Core/Src/main.o
 .debug_macro   0x00000000000103c1       0x6d ./Core/Src/main.o
 .debug_macro   0x000000000001042e     0x34a2 ./Core/Src/main.o
 .debug_macro   0x00000000000138d0      0x174 ./Core/Src/main.o
 .debug_macro   0x0000000000013a44       0x5c ./Core/Src/main.o
 .debug_macro   0x0000000000013aa0      0x5bc ./Core/Src/main.o
 .debug_macro   0x000000000001405c      0x289 ./Core/Src/main.o
 .debug_macro   0x00000000000142e5      0x1cb ./Core/Src/main.o
 .debug_macro   0x00000000000144b0      0x114 ./Core/Src/main.o
 .debug_macro   0x00000000000145c4      0x1b2 ./Core/Src/main.o
 .debug_macro   0x0000000000014776       0x27 ./Core/Src/main.o
 .debug_macro   0x000000000001479d      0x136 ./Core/Src/main.o
 .debug_macro   0x00000000000148d3      0x1bc ./Core/Src/main.o
 .debug_macro   0x0000000000014a8f       0x34 ./Core/Src/main.o
 .debug_macro   0x0000000000014ac3       0x3c ./Core/Src/main.o
 .debug_macro   0x0000000000014aff       0x57 ./Core/Src/main.o
 .debug_macro   0x0000000000014b56       0x87 ./Core/Src/main.o
 .debug_macro   0x0000000000014bdd      0x240 ./Core/Src/main.o
 .debug_macro   0x0000000000014e1d      0x140 ./Core/Src/main.o
 .debug_macro   0x0000000000014f5d       0xb7 ./Core/Src/main.o
 .debug_macro   0x0000000000015014      0x242 ./Core/Src/main.o
 .debug_macro   0x0000000000015256       0x83 ./Core/Src/main.o
 .debug_macro   0x00000000000152d9       0x52 ./Core/Src/main.o
 .debug_macro   0x000000000001532b       0x18 ./Core/Src/main.o
 .debug_macro   0x0000000000015343       0x3c ./Core/Src/main.o
 .debug_macro   0x000000000001537f       0x34 ./Core/Src/main.o
 .debug_macro   0x00000000000153b3       0x16 ./Core/Src/main.o
 .debug_macro   0x00000000000153c9       0x35 ./Core/Src/main.o
 .debug_macro   0x00000000000153fe      0x341 ./Core/Src/main.o
 .debug_macro   0x000000000001573f       0x10 ./Core/Src/main.o
 .debug_macro   0x000000000001574f       0x16 ./Core/Src/main.o
 .debug_macro   0x0000000000015765       0x43 ./Core/Src/main.o
 .debug_macro   0x00000000000157a8       0x34 ./Core/Src/main.o
 .debug_macro   0x00000000000157dc       0x10 ./Core/Src/main.o
 .debug_macro   0x00000000000157ec       0x58 ./Core/Src/main.o
 .debug_macro   0x0000000000015844       0x71 ./Core/Src/main.o
 .debug_macro   0x00000000000158b5       0x1c ./Core/Src/main.o
 .debug_macro   0x00000000000158d1      0x12a ./Core/Src/main.o
 .debug_macro   0x00000000000159fb       0x10 ./Core/Src/main.o
 .debug_macro   0x0000000000015a0b       0x1c ./Core/Src/main.o
 .debug_macro   0x0000000000015a27       0x52 ./Core/Src/main.o
 .debug_macro   0x0000000000015a79       0x22 ./Core/Src/main.o
 .debug_macro   0x0000000000015a9b       0x10 ./Core/Src/main.o
 .debug_macro   0x0000000000015aab       0x52 ./Core/Src/main.o
 .debug_macro   0x0000000000015afd       0xd5 ./Core/Src/main.o
 .debug_macro   0x0000000000015bd2       0x1c ./Core/Src/main.o
 .debug_macro   0x0000000000015bee       0x3d ./Core/Src/main.o
 .debug_macro   0x0000000000015c2b       0x16 ./Core/Src/main.o
 .debug_macro   0x0000000000015c41      0x145 ./Core/Src/main.o
 .debug_macro   0x0000000000015d86       0x16 ./Core/Src/main.o
 .debug_macro   0x0000000000015d9c       0x16 ./Core/Src/main.o
 .debug_macro   0x0000000000015db2       0x29 ./Core/Src/main.o
 .debug_macro   0x0000000000015ddb       0x16 ./Core/Src/main.o
 .debug_macro   0x0000000000015df1       0x20 ./Core/Src/main.o
 .debug_macro   0x0000000000015e11       0x5f ./Core/Src/main.o
 .debug_macro   0x0000000000015e70      0x1c8 ./Core/Src/main.o
 .debug_macro   0x0000000000016038       0x8f ./Core/Src/main.o
 .debug_macro   0x00000000000160c7       0x10 ./Core/Src/main.o
 .debug_macro   0x00000000000160d7      0x1b2 ./Core/Src/stm32f1xx_hal_msp.o
 .debug_macro   0x0000000000016289      0x1bc ./Core/Src/stm32f1xx_it.o
 .debug_macro   0x0000000000016445      0x1a8 ./Core/Src/system_stm32f1xx.o
 .debug_macro   0x00000000000165ed      0x1cc ./Drivers/STM32F1xx_HAL_Driver/Src/stm32f1xx_hal.o
 .debug_macro   0x00000000000167b9      0x1a8 ./Drivers/STM32F1xx_HAL_Driver/Src/stm32f1xx_hal_cortex.o
 .debug_macro   0x0000000000016961      0x1b4 ./Drivers/STM32F1xx_HAL_Driver/Src/stm32f1xx_hal_pcd.o
 .debug_macro   0x0000000000016b15      0x1a8 ./Drivers/STM32F1xx_HAL_Driver/Src/stm32f1xx_hal_pcd_ex.o
 .debug_macro   0x0000000000016cbd      0x1ba ./Drivers/STM32F1xx_HAL_Driver/Src/stm32f1xx_hal_rcc.o
 .debug_macro   0x0000000000016e77      0x1a8 ./Drivers/STM32F1xx_HAL_Driver/Src/stm32f1xx_hal_rcc_ex.o
 .debug_macro   0x000000000001701f      0x1a8 ./Drivers/STM32F1xx_HAL_Driver/Src/stm32f1xx_ll_usb.o
 .debug_macro   0x00000000000171c7      0x3c8 ./Middlewares/ST/STM32_USB_Device_Library/Class/CDC/Src/usbd_cdc.o
 .debug_macro   0x000000000001758f       0x97 ./Middlewares/ST/STM32_USB_Device_Library/Class/CDC/Src/usbd_cdc.o
 .debug_macro   0x0000000000017626       0xfd ./Middlewares/ST/STM32_USB_Device_Library/Class/CDC/Src/usbd_cdc.o
 .debug_macro   0x0000000000017723       0x56 ./Middlewares/ST/STM32_USB_Device_Library/Class/CDC/Src/usbd_cdc.o
 .debug_macro   0x0000000000017779      0x3af ./Middlewares/ST/STM32_USB_Device_Library/Core/Src/usbd_core.o
 .debug_macro   0x0000000000017b28      0x1ce ./Middlewares/ST/STM32_USB_Device_Library/Core/Src/usbd_core.o
 .debug_macro   0x0000000000017cf6      0x3b9 ./Middlewares/ST/STM32_USB_Device_Library/Core/Src/usbd_ctlreq.o
 .debug_macro   0x00000000000180af      0x3b5 ./Middlewares/ST/STM32_USB_Device_Library/Core/Src/usbd_ioreq.o
 .debug_macro   0x0000000000018464      0x3ee ./USB_DEVICE/App/usb_device.o
 .debug_macro   0x0000000000018852       0x22 ./USB_DEVICE/App/usb_device.o
 .debug_macro   0x0000000000018874       0x16 ./USB_DEVICE/App/usb_device.o
 .debug_macro   0x000000000001888a      0x3d3 ./USB_DEVICE/App/usbd_cdc_if.o
 .debug_macro   0x0000000000018c5d      0x3ec ./USB_DEVICE/App/usbd_desc.o
 .debug_macro   0x0000000000019049       0x1c ./USB_DEVICE/App/usbd_desc.o
 .debug_macro   0x0000000000019065      0x3d2 ./USB_DEVICE/Target/usbd_conf.o

.debug_line     0x0000000000000000     0xd43a
 .debug_line    0x0000000000000000      0xa70 ./Core/Src/main.o
 .debug_line    0x0000000000000a70      0x678 ./Core/Src/stm32f1xx_hal_msp.o
 .debug_line    0x00000000000010e8      0x752 ./Core/Src/stm32f1xx_it.o
 .debug_line    0x000000000000183a      0x6f6 ./Core/Src/system_stm32f1xx.o
 .debug_line    0x0000000000001f30       0x86 ./Core/Startup/startup_stm32f103c8tx.o
 .debug_line    0x0000000000001fb6      0x923 ./Drivers/STM32F1xx_HAL_Driver/Src/stm32f1xx_hal.o
 .debug_line    0x00000000000028d9      0xb0b ./Drivers/STM32F1xx_HAL_Driver/Src/stm32f1xx_hal_cortex.o
 .debug_line    0x00000000000033e4     0x134e ./Drivers/STM32F1xx_HAL_Driver/Src/stm32f1xx_hal_pcd.o
 .debug_line    0x0000000000004732      0x6f1 ./Drivers/STM32F1xx_HAL_Driver/Src/stm32f1xx_hal_pcd_ex.o
 .debug_line    0x0000000000004e23      0xd2f ./Drivers/STM32F1xx_HAL_Driver/Src/stm32f1xx_hal_rcc.o
 .debug_line    0x0000000000005b52      0x86a ./Drivers/STM32F1xx_HAL_Driver/Src/stm32f1xx_hal_rcc_ex.o
 .debug_line    0x00000000000063bc      0xfd8 ./Drivers/STM32F1xx_HAL_Driver/Src/stm32f1xx_ll_usb.o
 .debug_line    0x0000000000007394      0xd04 ./Middlewares/ST/STM32_USB_Device_Library/Class/CDC/Src/usbd_cdc.o
 .debug_line    0x0000000000008098      0xd84 ./Middlewares/ST/STM32_USB_Device_Library/Core/Src/usbd_core.o
 .debug_line    0x0000000000008e1c      0xfa6 ./Middlewares/ST/STM32_USB_Device_Library/Core/Src/usbd_ctlreq.o
 .debug_line    0x0000000000009dc2      0xa1a ./Middlewares/ST/STM32_USB_Device_Library/Core/Src/usbd_ioreq.o
 .debug_line    0x000000000000a7dc      0x9da ./USB_DEVICE/App/usb_device.o
 .debug_line    0x000000000000b1b6      0xa22 ./USB_DEVICE/App/usbd_cdc_if.o
 .debug_line    0x000000000000bbd8      0xaa3 ./USB_DEVICE/App/usbd_desc.o
 .debug_line    0x000000000000c67b      0xdbf ./USB_DEVICE/Target/usbd_conf.o

.debug_str      0x0000000000000000    0x847bf
 .debug_str     0x0000000000000000    0x82044 ./Core/Src/main.o
                                      0x823f2 (size before relaxing)
 .debug_str     0x0000000000082044       0x5a ./Core/Src/stm32f1xx_hal_msp.o
                                      0x7d5eb (size before relaxing)
 .debug_str     0x000000000008209e      0x413 ./Core/Src/stm32f1xx_it.o
                                      0x7d9ca (size before relaxing)
 .debug_str     0x00000000000824b1       0x7e ./Core/Src/system_stm32f1xx.o
                                      0x7d616 (size before relaxing)
 .debug_str     0x000000000008252f       0x36 ./Core/Startup/startup_stm32f103c8tx.o
                                         0x5b (size before relaxing)
 .debug_str     0x0000000000082565      0x607 ./Drivers/STM32F1xx_HAL_Driver/Src/stm32f1xx_hal.o
                                      0x7dd49 (size before relaxing)
 .debug_str     0x0000000000082b6c      0x293 ./Drivers/STM32F1xx_HAL_Driver/Src/stm32f1xx_hal_cortex.o
                                      0x7dc95 (size before relaxing)
 .debug_str     0x0000000000082dff      0x5da ./Drivers/STM32F1xx_HAL_Driver/Src/stm32f1xx_hal_pcd.o
                                      0x7df33 (size before relaxing)
 .debug_str     0x00000000000833d9      0x170 ./Drivers/STM32F1xx_HAL_Driver/Src/stm32f1xx_hal_pcd_ex.o
                                      0x7da95 (size before relaxing)
 .debug_str     0x0000000000083549      0x264 ./Drivers/STM32F1xx_HAL_Driver/Src/stm32f1xx_hal_rcc.o
                                      0x7da45 (size before relaxing)
 .debug_str     0x00000000000837ad       0x9f ./Drivers/STM32F1xx_HAL_Driver/Src/stm32f1xx_hal_rcc_ex.o
                                      0x7d795 (size before relaxing)
 .debug_str     0x000000000008384c      0x129 ./Drivers/STM32F1xx_HAL_Driver/Src/stm32f1xx_ll_usb.o
                                      0x7dae7 (size before relaxing)
 .debug_str     0x0000000000083975      0x645 ./Middlewares/ST/STM32_USB_Device_Library/Class/CDC/Src/usbd_cdc.o
                                      0x82b3d (size before relaxing)
 .debug_str     0x0000000000083fba      0x281 ./Middlewares/ST/STM32_USB_Device_Library/Core/Src/usbd_core.o
                                      0x8246d (size before relaxing)
 .debug_str     0x000000000008423b      0x120 ./Middlewares/ST/STM32_USB_Device_Library/Core/Src/usbd_ctlreq.o
                                      0x82387 (size before relaxing)
 .debug_str     0x000000000008435b       0x51 ./Middlewares/ST/STM32_USB_Device_Library/Core/Src/usbd_ioreq.o
                                      0x822b4 (size before relaxing)
 .debug_str     0x00000000000843ac       0xc6 ./USB_DEVICE/App/usb_device.o
                                      0x8263f (size before relaxing)
 .debug_str     0x0000000000084472       0x7d ./USB_DEVICE/App/usbd_cdc_if.o
                                      0x82665 (size before relaxing)
 .debug_str     0x00000000000844ef      0x258 ./USB_DEVICE/App/usbd_desc.o
                                      0x821f0 (size before relaxing)
 .debug_str     0x0000000000084747       0x78 ./USB_DEVICE/Target/usbd_conf.o
                                      0x830ca (size before relaxing)

.comment        0x0000000000000000       0x50
 .comment       0x0000000000000000       0x50 ./Core/Src/main.o
                                         0x51 (size before relaxing)
 .comment       0x0000000000000050       0x51 ./Core/Src/stm32f1xx_hal_msp.o
 .comment       0x0000000000000050       0x51 ./Core/Src/stm32f1xx_it.o
 .comment       0x0000000000000050       0x51 ./Core/Src/system_stm32f1xx.o
 .comment       0x0000000000000050       0x51 ./Drivers/STM32F1xx_HAL_Driver/Src/stm32f1xx_hal.o
 .comment       0x0000000000000050       0x51 ./Drivers/STM32F1xx_HAL_Driver/Src/stm32f1xx_hal_cortex.o
 .comment       0x0000000000000050       0x51 ./Drivers/STM32F1xx_HAL_Driver/Src/stm32f1xx_hal_pcd.o
 .comment       0x0000000000000050       0x51 ./Drivers/STM32F1xx_HAL_Driver/Src/stm32f1xx_hal_pcd_ex.o
 .comment       0x0000000000000050       0x51 ./Drivers/STM32F1xx_HAL_Driver/Src/stm32f1xx_hal_rcc.o
 .comment       0x0000000000000050       0x51 ./Drivers/STM32F1xx_HAL_Driver/Src/stm32f1xx_hal_rcc_ex.o
 .comment       0x0000000000000050       0x51 ./Drivers/STM32F1xx_HAL_Driver/Src/stm32f1xx_ll_usb.o
 .comment       0x0000000000000050       0x51 ./Middlewares/ST/STM32_USB_Device_Library/Class/CDC/Src/usbd_cdc.o
 .comment       0x0000000000000050       0x51 ./Middlewares/ST/STM32_USB_Device_Library/Core/Src/usbd_core.o
 .comment       0x0000000000000050       0x51 ./Middlewares/ST/STM32_USB_Device_Library/Core/Src/usbd_ctlreq.o
 .comment       0x0000000000000050       0x51 ./Middlewares/ST/STM32_USB_Device_Library/Core/Src/usbd_ioreq.o
 .comment       0x0000000000000050       0x51 ./USB_DEVICE/App/usb_device.o
 .comment       0x0000000000000050       0x51 ./USB_DEVICE/App/usbd_cdc_if.o
 .comment       0x0000000000000050       0x51 ./USB_DEVICE/App/usbd_desc.o
 .comment       0x0000000000000050       0x51 ./USB_DEVICE/Target/usbd_conf.o

.debug_frame    0x0000000000000000     0x2690
 .debug_frame   0x0000000000000000       0x94 ./Core/Src/main.o
 .debug_frame   0x0000000000000094       0x38 ./Core/Src/stm32f1xx_hal_msp.o
 .debug_frame   0x00000000000000cc      0x120 ./Core/Src/stm32f1xx_it.o
 .debug_frame   0x00000000000001ec       0x58 ./Core/Src/system_stm32f1xx.o
 .debug_frame   0x0000000000000244      0x334 ./Drivers/STM32F1xx_HAL_Driver/Src/stm32f1xx_hal.o
 .debug_frame   0x0000000000000578      0x428 ./Drivers/STM32F1xx_HAL_Driver/Src/stm32f1xx_hal_cortex.o
 .debug_frame   0x00000000000009a0      0x594 ./Drivers/STM32F1xx_HAL_Driver/Src/stm32f1xx_hal_pcd.o
 .debug_frame   0x0000000000000f34       0xb0 ./Drivers/STM32F1xx_HAL_Driver/Src/stm32f1xx_hal_pcd_ex.o
 .debug_frame   0x0000000000000fe4      0x218 ./Drivers/STM32F1xx_HAL_Driver/Src/stm32f1xx_hal_rcc.o
 .debug_frame   0x00000000000011fc       0x80 ./Drivers/STM32F1xx_HAL_Driver/Src/stm32f1xx_hal_rcc_ex.o
 .debug_frame   0x000000000000127c      0x470 ./Drivers/STM32F1xx_HAL_Driver/Src/stm32f1xx_ll_usb.o
 .debug_frame   0x00000000000016ec      0x248 ./Middlewares/ST/STM32_USB_Device_Library/Class/CDC/Src/usbd_cdc.o
 .debug_frame   0x0000000000001934      0x300 ./Middlewares/ST/STM32_USB_Device_Library/Core/Src/usbd_core.o
 .debug_frame   0x0000000000001c34      0x218 ./Middlewares/ST/STM32_USB_Device_Library/Core/Src/usbd_ctlreq.o
 .debug_frame   0x0000000000001e4c      0x10c ./Middlewares/ST/STM32_USB_Device_Library/Core/Src/usbd_ioreq.o
 .debug_frame   0x0000000000001f58       0x2c ./USB_DEVICE/App/usb_device.o
 .debug_frame   0x0000000000001f84       0xbc ./USB_DEVICE/App/usbd_cdc_if.o
 .debug_frame   0x0000000000002040      0x160 ./USB_DEVICE/App/usbd_desc.o
 .debug_frame   0x00000000000021a0      0x4a4 ./USB_DEVICE/Target/usbd_conf.o
 .debug_frame   0x0000000000002644       0x2c c:/st/stm32cubeide_1.12.0/stm32cubeide/plugins/com.st.stm32cube.ide.mcu.externaltools.gnu-tools-for-stm32.10.3-2021.10.win32_1.0.200.202301161003/tools/bin/../lib/gcc/arm-none-eabi/10.3.1/../../../../arm-none-eabi/lib/thumb/v7-m/nofp\libc_nano.a(lib_a-init.o)
 .debug_frame   0x0000000000002670       0x20 c:/st/stm32cubeide_1.12.0/stm32cubeide/plugins/com.st.stm32cube.ide.mcu.externaltools.gnu-tools-for-stm32.10.3-2021.10.win32_1.0.200.202301161003/tools/bin/../lib/gcc/arm-none-eabi/10.3.1/../../../../arm-none-eabi/lib/thumb/v7-m/nofp\libc_nano.a(lib_a-memset.o)
