Archive member included to satisfy reference by file (symbol)

/opt/st/stm32cubeide_1.11.2/plugins/com.st.stm32cube.ide.mcu.externaltools.gnu-tools-for-stm32.10.3-2021.10.linux64_1.0.100.202210260954/tools/bin/../lib/gcc/arm-none-eabi/10.3.1/../../../../arm-none-eabi/lib/thumb/v7-m/nofp/libc_nano.a(lib_a-errno.o)
                              ./Core/Src/syscalls.o (__errno)
/opt/st/stm32cubeide_1.11.2/plugins/com.st.stm32cube.ide.mcu.externaltools.gnu-tools-for-stm32.10.3-2021.10.linux64_1.0.100.202210260954/tools/bin/../lib/gcc/arm-none-eabi/10.3.1/../../../../arm-none-eabi/lib/thumb/v7-m/nofp/libc_nano.a(lib_a-exit.o)
                              /opt/st/stm32cubeide_1.11.2/plugins/com.st.stm32cube.ide.mcu.externaltools.gnu-tools-for-stm32.10.3-2021.10.linux64_1.0.100.202210260954/tools/bin/../lib/gcc/arm-none-eabi/10.3.1/../../../../arm-none-eabi/lib/thumb/v7-m/nofp/crt0.o (exit)
/opt/st/stm32cubeide_1.11.2/plugins/com.st.stm32cube.ide.mcu.externaltools.gnu-tools-for-stm32.10.3-2021.10.linux64_1.0.100.202210260954/tools/bin/../lib/gcc/arm-none-eabi/10.3.1/../../../../arm-none-eabi/lib/thumb/v7-m/nofp/libc_nano.a(lib_a-impure.o)
                              /opt/st/stm32cubeide_1.11.2/plugins/com.st.stm32cube.ide.mcu.externaltools.gnu-tools-for-stm32.10.3-2021.10.linux64_1.0.100.202210260954/tools/bin/../lib/gcc/arm-none-eabi/10.3.1/../../../../arm-none-eabi/lib/thumb/v7-m/nofp/libc_nano.a(lib_a-exit.o) (_global_impure_ptr)
/opt/st/stm32cubeide_1.11.2/plugins/com.st.stm32cube.ide.mcu.externaltools.gnu-tools-for-stm32.10.3-2021.10.linux64_1.0.100.202210260954/tools/bin/../lib/gcc/arm-none-eabi/10.3.1/../../../../arm-none-eabi/lib/thumb/v7-m/nofp/libc_nano.a(lib_a-init.o)
                              /opt/st/stm32cubeide_1.11.2/plugins/com.st.stm32cube.ide.mcu.externaltools.gnu-tools-for-stm32.10.3-2021.10.linux64_1.0.100.202210260954/tools/bin/../lib/gcc/arm-none-eabi/10.3.1/../../../../arm-none-eabi/lib/thumb/v7-m/nofp/crt0.o (__libc_init_array)
/opt/st/stm32cubeide_1.11.2/plugins/com.st.stm32cube.ide.mcu.externaltools.gnu-tools-for-stm32.10.3-2021.10.linux64_1.0.100.202210260954/tools/bin/../lib/gcc/arm-none-eabi/10.3.1/../../../../arm-none-eabi/lib/thumb/v7-m/nofp/libc_nano.a(lib_a-memset.o)
                              /opt/st/stm32cubeide_1.11.2/plugins/com.st.stm32cube.ide.mcu.externaltools.gnu-tools-for-stm32.10.3-2021.10.linux64_1.0.100.202210260954/tools/bin/../lib/gcc/arm-none-eabi/10.3.1/../../../../arm-none-eabi/lib/thumb/v7-m/nofp/crt0.o (memset)
/opt/st/stm32cubeide_1.11.2/plugins/com.st.stm32cube.ide.mcu.externaltools.gnu-tools-for-stm32.10.3-2021.10.linux64_1.0.100.202210260954/tools/bin/../lib/gcc/arm-none-eabi/10.3.1/../../../../arm-none-eabi/lib/thumb/v7-m/nofp/libc_nano.a(lib_a-sprintf.o)
                              ./Core/Src/main.o (sprintf)
/opt/st/stm32cubeide_1.11.2/plugins/com.st.stm32cube.ide.mcu.externaltools.gnu-tools-for-stm32.10.3-2021.10.linux64_1.0.100.202210260954/tools/bin/../lib/gcc/arm-none-eabi/10.3.1/../../../../arm-none-eabi/lib/thumb/v7-m/nofp/libc_nano.a(lib_a-strlen.o)
                              ./Core/Src/main.o (strlen)
/opt/st/stm32cubeide_1.11.2/plugins/com.st.stm32cube.ide.mcu.externaltools.gnu-tools-for-stm32.10.3-2021.10.linux64_1.0.100.202210260954/tools/bin/../lib/gcc/arm-none-eabi/10.3.1/../../../../arm-none-eabi/lib/thumb/v7-m/nofp/libc_nano.a(lib_a-nano-svfprintf.o)
                              /opt/st/stm32cubeide_1.11.2/plugins/com.st.stm32cube.ide.mcu.externaltools.gnu-tools-for-stm32.10.3-2021.10.linux64_1.0.100.202210260954/tools/bin/../lib/gcc/arm-none-eabi/10.3.1/../../../../arm-none-eabi/lib/thumb/v7-m/nofp/libc_nano.a(lib_a-sprintf.o) (_svfprintf_r)
/opt/st/stm32cubeide_1.11.2/plugins/com.st.stm32cube.ide.mcu.externaltools.gnu-tools-for-stm32.10.3-2021.10.linux64_1.0.100.202210260954/tools/bin/../lib/gcc/arm-none-eabi/10.3.1/../../../../arm-none-eabi/lib/thumb/v7-m/nofp/libc_nano.a(lib_a-nano-vfprintf_i.o)
                              /opt/st/stm32cubeide_1.11.2/plugins/com.st.stm32cube.ide.mcu.externaltools.gnu-tools-for-stm32.10.3-2021.10.linux64_1.0.100.202210260954/tools/bin/../lib/gcc/arm-none-eabi/10.3.1/../../../../arm-none-eabi/lib/thumb/v7-m/nofp/libc_nano.a(lib_a-nano-svfprintf.o) (_printf_i)
/opt/st/stm32cubeide_1.11.2/plugins/com.st.stm32cube.ide.mcu.externaltools.gnu-tools-for-stm32.10.3-2021.10.linux64_1.0.100.202210260954/tools/bin/../lib/gcc/arm-none-eabi/10.3.1/../../../../arm-none-eabi/lib/thumb/v7-m/nofp/libc_nano.a(lib_a-memchr-stub.o)
                              /opt/st/stm32cubeide_1.11.2/plugins/com.st.stm32cube.ide.mcu.externaltools.gnu-tools-for-stm32.10.3-2021.10.linux64_1.0.100.202210260954/tools/bin/../lib/gcc/arm-none-eabi/10.3.1/../../../../arm-none-eabi/lib/thumb/v7-m/nofp/libc_nano.a(lib_a-nano-svfprintf.o) (memchr)
[...]
Memory Configuration

Name             Origin             Length             Attributes
RAM              0x0000000020000000 0x0000000000005000 xrw
FLASH            0x0000000008000000 0x0000000000010000 xr
*default*        0x0000000000000000 0xffffffffffffffff

Linker script and memory map

LOAD /opt/st/stm32cubeide_1.11.2/plugins/com.st.stm32cube.ide.mcu.externaltools.gnu-tools-for-stm32.10.3-2021.10.linux64_1.0.100.202210260954/tools/bin/../lib/gcc/arm-none-eabi/10.3.1/thumb/v7-m/nofp/crti.o
LOAD /opt/st/stm32cubeide_1.11.2/plugins/com.st.stm32cube.ide.mcu.externaltools.gnu-tools-for-stm32.10.3-2021.10.linux64_1.0.100.202210260954/tools/bin/../lib/gcc/arm-none-eabi/10.3.1/thumb/v7-m/nofp/crtbegin.o
LOAD /opt/st/stm32cubeide_1.11.2/plugins/com.st.stm32cube.ide.mcu.externaltools.gnu-tools-for-stm32.10.3-2021.10.linux64_1.0.100.202210260954/tools/bin/../lib/gcc/arm-none-eabi/10.3.1/../../../../arm-none-eabi/lib/thumb/v7-m/nofp/crt0.o
LOAD ./Core/Src/main.o
LOAD ./Core/Src/stm32f1xx_hal_msp.o
LOAD ./Core/Src/stm32f1xx_it.o
LOAD ./Core/Src/syscalls.o
LOAD ./Core/Src/sysmem.o
LOAD ./Core/Src/system_stm32f1xx.o
LOAD ./Core/Startup/startup_stm32f103c8tx.o
LOAD ./Drivers/STM32F1xx_HAL_Driver/Src/stm32f1xx_hal.o
LOAD ./Drivers/STM32F1xx_HAL_Driver/Src/stm32f1xx_hal_cortex.o
LOAD ./Drivers/STM32F1xx_HAL_Driver/Src/stm32f1xx_hal_dma.o
LOAD ./Drivers/STM32F1xx_HAL_Driver/Src/stm32f1xx_hal_exti.o
LOAD ./Drivers/STM32F1xx_HAL_Driver/Src/stm32f1xx_hal_flash.o
LOAD ./Drivers/STM32F1xx_HAL_Driver/Src/stm32f1xx_hal_flash_ex.o
LOAD ./Drivers/STM32F1xx_HAL_Driver/Src/stm32f1xx_hal_gpio.o
LOAD ./Drivers/STM32F1xx_HAL_Driver/Src/stm32f1xx_hal_gpio_ex.o
LOAD ./Drivers/STM32F1xx_HAL_Driver/Src/stm32f1xx_hal_pwr.o
LOAD ./Drivers/STM32F1xx_HAL_Driver/Src/stm32f1xx_hal_rcc.o
LOAD ./Drivers/STM32F1xx_HAL_Driver/Src/stm32f1xx_hal_rcc_ex.o
LOAD ./Drivers/STM32F1xx_HAL_Driver/Src/stm32f1xx_hal_uart.o
START GROUP
LOAD /opt/st/stm32cubeide_1.11.2/plugins/com.st.stm32cube.ide.mcu.externaltools.gnu-tools-for-stm32.10.3-2021.10.linux64_1.0.100.202210260954/tools/bin/../lib/gcc/arm-none-eabi/10.3.1/../../../../arm-none-eabi/lib/thumb/v7-m/nofp/libc_nano.a
LOAD /opt/st/stm32cubeide_1.11.2/plugins/com.st.stm32cube.ide.mcu.externaltools.gnu-tools-for-stm32.10.3-2021.10.linux64_1.0.100.202210260954/tools/bin/../lib/gcc/arm-none-eabi/10.3.1/../../../../arm-none-eabi/lib/thumb/v7-m/nofp/libm.a
END GROUP
START GROUP
LOAD /opt/st/stm32cubeide_1.11.2/plugins/com.st.stm32cube.ide.mcu.externaltools.gnu-tools-for-stm32.10.3-2021.10.linux64_1.0.100.202210260954/tools/bin/../lib/gcc/arm-none-eabi/10.3.1/thumb/v7-m/nofp/libgcc.a
LOAD /opt/st/stm32cubeide_1.11.2/plugins/com.st.stm32cube.ide.mcu.externaltools.gnu-tools-for-stm32.10.3-2021.10.linux64_1.0.100.202210260954/tools/bin/../lib/gcc/arm-none-eabi/10.3.1/../../../../arm-none-eabi/lib/thumb/v7-m/nofp/libc_nano.a
END GROUP
START GROUP
LOAD /opt/st/stm32cubeide_1.11.2/plugins/com.st.stm32cube.ide.mcu.externaltools.gnu-tools-for-stm32.10.3-2021.10.linux64_1.0.100.202210260954/tools/bin/../lib/gcc/arm-none-eabi/10.3.1/thumb/v7-m/nofp/libgcc.a
LOAD /opt/st/stm32cubeide_1.11.2/plugins/com.st.stm32cube.ide.mcu.externaltools.gnu-tools-for-stm32.10.3-2021.10.linux64_1.0.100.202210260954/tools/bin/../lib/gcc/arm-none-eabi/10.3.1/../../../../arm-none-eabi/lib/thumb/v7-m/nofp/libc_nano.a
LOAD /opt/st/stm32cubeide_1.11.2/plugins/com.st.stm32cube.ide.mcu.externaltools.gnu-tools-for-stm32.10.3-2021.10.linux64_1.0.100.202210260954/tools/bin/../lib/gcc/arm-none-eabi/10.3.1/../../../../arm-none-eabi/lib/thumb/v7-m/nofp/libnosys.a
END GROUP
START GROUP
LOAD /opt/st/stm32cubeide_1.11.2/plugins/com.st.stm32cube.ide.mcu.externaltools.gnu-tools-for-stm32.10.3-2021.10.linux64_1.0.100.202210260954/tools/bin/../lib/gcc/arm-none-eabi/10.3.1/thumb/v7-m/nofp/libgcc.a
LOAD /opt/st/stm32cubeide_1.11.2/plugins/com.st.stm32cube.ide.mcu.externaltools.gnu-tools-for-stm32.10.3-2021.10.linux64_1.0.100.202210260954/tools/bin/../lib/gcc/arm-none-eabi/10.3.1/../../../../arm-none-eabi/lib/thumb/v7-m/nofp/libc_nano.a
LOAD /opt/st/stm32cubeide_1.11.2/plugins/com.st.stm32cube.ide.mcu.externaltools.gnu-tools-for-stm32.10.3-2021.10.linux64_1.0.100.202210260954/tools/bin/../lib/gcc/arm-none-eabi/10.3.1/../../../../arm-none-eabi/lib/thumb/v7-m/nofp/libnosys.a
END GROUP
LOAD /opt/st/stm32cubeide_1.11.2/plugins/com.st.stm32cube.ide.mcu.externaltools.gnu-tools-for-stm32.10.3-2021.10.linux64_1.0.100.202210260954/tools/bin/../lib/gcc/arm-none-eabi/10.3.1/thumb/v7-m/nofp/crtend.o
LOAD /opt/st/stm32cubeide_1.11.2/plugins/com.st.stm32cube.ide.mcu.externaltools.gnu-tools-for-stm32.10.3-2021.10.linux64_1.0.100.202210260954/tools/bin/../lib/gcc/arm-none-eabi/10.3.1/thumb/v7-m/nofp/crtn.o
                0x0000000020005000                _estack = (ORIGIN (RAM) + LENGTH (RAM))
                0x0000000000000200                _Min_Heap_Size = 0x200
                0x0000000000000400                _Min_Stack_Size = 0x400

.isr_vector     0x0000000008000000      0x10c
                0x0000000008000000                . = ALIGN (0x4)
 *(.isr_vector)
 .isr_vector    0x0000000008000000      0x10c ./Core/Startup/startup_stm32f103c8tx.o
                0x0000000008000000                g_pfnVectors
                0x000000000800010c                . = ALIGN (0x4)

.text           0x000000000800010c     0x204c
                0x000000000800010c                . = ALIGN (0x4)
 *(.text)
 .text          0x000000000800010c       0x40 /opt/st/stm32cubeide_1.11.2/plugins/com.st.stm32cube.ide.mcu.externaltools.gnu-tools-for-stm32.10.3-2021.10.linux64_1.0.100.202210260954/tools/bin/../lib/gcc/arm-none-eabi/10.3.1/thumb/v7-m/nofp/crtbegin.o
 .text          0x000000000800014c       0x10 /opt/st/stm32cubeide_1.11.2/plugins/com.st.stm32cube.ide.mcu.externaltools.gnu-tools-for-stm32.10.3-2021.10.linux64_1.0.100.202210260954/tools/bin/../lib/gcc/arm-none-eabi/10.3.1/../../../../arm-none-eabi/lib/thumb/v7-m/nofp/libc_nano.a(lib_a-strlen.o)
                0x000000000800014c                strlen
 *(.text*)
 .text.main     0x000000000800015c      0x110 ./Core/Src/main.o
                0x000000000800015c                main
 .text.SystemClock_Config
                0x000000000800026c       0x82 ./Core/Src/main.o
                0x000000000800026c                SystemClock_Config
 *fill*         0x00000000080002ee        0x2 
 .text.MX_USART1_UART_Init
                0x00000000080002f0       0x54 ./Core/Src/main.o
 .text.MX_GPIO_Init
                0x0000000008000344       0x2c ./Core/Src/main.o
 .text.Error_Handler
                0x0000000008000370        0xa ./Core/Src/main.o
                0x0000000008000370                Error_Handler
 *fill*         0x000000000800037a        0x2 
 .text.HAL_MspInit
                0x000000000800037c       0x44 ./Core/Src/stm32f1xx_hal_msp.o
                0x000000000800037c                HAL_MspInit
 .text.HAL_UART_MspInit
                0x00000000080003c0       0x98 ./Core/Src/stm32f1xx_hal_msp.o
                0x00000000080003c0                HAL_UART_MspInit
 .text.NMI_Handler
                0x0000000008000458        0x6 ./Core/Src/stm32f1xx_it.o
                0x0000000008000458                NMI_Handler
 .text.HardFault_Handler
                0x000000000800045e        0x6 ./Core/Src/stm32f1xx_it.o
                0x000000000800045e                HardFault_Handler
 .text.MemManage_Handler
                0x0000000008000464        0x6 ./Core/Src/stm32f1xx_it.o
                0x0000000008000464                MemManage_Handler
 .text.BusFault_Handler
                0x000000000800046a        0x6 ./Core/Src/stm32f1xx_it.o
                0x000000000800046a                BusFault_Handler
 .text.UsageFault_Handler
                0x0000000008000470        0x6 ./Core/Src/stm32f1xx_it.o
                0x0000000008000470                UsageFault_Handler
 .text.SVC_Handler
                0x0000000008000476        0xc ./Core/Src/stm32f1xx_it.o
                0x0000000008000476                SVC_Handler
 .text.DebugMon_Handler
                0x0000000008000482        0xc ./Core/Src/stm32f1xx_it.o
                0x0000000008000482                DebugMon_Handler
 .text.PendSV_Handler
                0x000000000800048e        0xc ./Core/Src/stm32f1xx_it.o
                0x000000000800048e                PendSV_Handler
 .text.SysTick_Handler
                0x000000000800049a        0xc ./Core/Src/stm32f1xx_it.o
                0x000000000800049a                SysTick_Handler
 *fill*         0x00000000080004a6        0x2 
 .text._sbrk    0x00000000080004a8       0x6c ./Core/Src/sysmem.o
                0x00000000080004a8                _sbrk
 .text.SystemInit
                0x0000000008000514        0xc ./Core/Src/system_stm32f1xx.o
                0x0000000008000514                SystemInit
 .text.Reset_Handler
                0x0000000008000520       0x48 ./Core/Startup/startup_stm32f103c8tx.o
                0x0000000008000520                Reset_Handler
 .text.Default_Handler
                0x0000000008000568        0x2 ./Core/Startup/startup_stm32f103c8tx.o
                0x0000000008000568                RTC_Alarm_IRQHandler
                0x0000000008000568                EXTI2_IRQHandler
                0x0000000008000568                TIM1_CC_IRQHandler
                0x0000000008000568                PVD_IRQHandler
                0x0000000008000568                EXTI3_IRQHandler
                0x0000000008000568                EXTI0_IRQHandler
                0x0000000008000568                I2C2_EV_IRQHandler
                0x0000000008000568                ADC1_2_IRQHandler
                0x0000000008000568                SPI1_IRQHandler
                0x0000000008000568                TAMPER_IRQHandler
                0x0000000008000568                DMA1_Channel4_IRQHandler
                0x0000000008000568                USART3_IRQHandler
                0x0000000008000568                RTC_IRQHandler
                0x0000000008000568                DMA1_Channel7_IRQHandler
                0x0000000008000568                CAN1_RX1_IRQHandler
                0x0000000008000568                TIM4_IRQHandler
                0x0000000008000568                I2C1_EV_IRQHandler
                0x0000000008000568                DMA1_Channel6_IRQHandler
                0x0000000008000568                TIM3_IRQHandler
                0x0000000008000568                RCC_IRQHandler
                0x0000000008000568                TIM1_TRG_COM_IRQHandler
                0x0000000008000568                DMA1_Channel1_IRQHandler
                0x0000000008000568                Default_Handler
                0x0000000008000568                EXTI15_10_IRQHandler
                0x0000000008000568                EXTI9_5_IRQHandler
                0x0000000008000568                SPI2_IRQHandler
                0x0000000008000568                DMA1_Channel5_IRQHandler
                0x0000000008000568                EXTI4_IRQHandler
                0x0000000008000568                USB_LP_CAN1_RX0_IRQHandler
                0x0000000008000568                USB_HP_CAN1_TX_IRQHandler
                0x0000000008000568                DMA1_Channel3_IRQHandler
                0x0000000008000568                TIM1_UP_IRQHandler
                0x0000000008000568                WWDG_IRQHandler
                0x0000000008000568                TIM2_IRQHandler
                0x0000000008000568                TIM1_BRK_IRQHandler
                0x0000000008000568                EXTI1_IRQHandler
                0x0000000008000568                USART2_IRQHandler
                0x0000000008000568                I2C2_ER_IRQHandler
                0x0000000008000568                DMA1_Channel2_IRQHandler
                0x0000000008000568                CAN1_SCE_IRQHandler
                0x0000000008000568                FLASH_IRQHandler
                0x0000000008000568                USART1_IRQHandler
                0x0000000008000568                I2C1_ER_IRQHandler
                0x0000000008000568                USBWakeUp_IRQHandler
 *fill*         0x000000000800056a        0x2 
 .text.HAL_Init
                0x000000000800056c       0x2c ./Drivers/STM32F1xx_HAL_Driver/Src/stm32f1xx_hal.o
                0x000000000800056c                HAL_Init
 .text.HAL_InitTick
                0x0000000008000598       0x60 ./Drivers/STM32F1xx_HAL_Driver/Src/stm32f1xx_hal.o
                0x0000000008000598                HAL_InitTick
 .text.HAL_IncTick
                0x00000000080005f8       0x24 ./Drivers/STM32F1xx_HAL_Driver/Src/stm32f1xx_hal.o
                0x00000000080005f8                HAL_IncTick
 .text.HAL_GetTick
                0x000000000800061c       0x14 ./Drivers/STM32F1xx_HAL_Driver/Src/stm32f1xx_hal.o
                0x000000000800061c                HAL_GetTick
 .text.__NVIC_SetPriorityGrouping
                0x0000000008000630       0x48 ./Drivers/STM32F1xx_HAL_Driver/Src/stm32f1xx_hal_cortex.o
 .text.__NVIC_GetPriorityGrouping
                0x0000000008000678       0x1c ./Drivers/STM32F1xx_HAL_Driver/Src/stm32f1xx_hal_cortex.o
 .text.__NVIC_SetPriority
                0x0000000008000694       0x54 ./Drivers/STM32F1xx_HAL_Driver/Src/stm32f1xx_hal_cortex.o
 .text.NVIC_EncodePriority
                0x00000000080006e8       0x64 ./Drivers/STM32F1xx_HAL_Driver/Src/stm32f1xx_hal_cortex.o
 .text.SysTick_Config
                0x000000000800074c       0x44 ./Drivers/STM32F1xx_HAL_Driver/Src/stm32f1xx_hal_cortex.o
 .text.HAL_NVIC_SetPriorityGrouping
                0x0000000008000790       0x16 ./Drivers/STM32F1xx_HAL_Driver/Src/stm32f1xx_hal_cortex.o
                0x0000000008000790                HAL_NVIC_SetPriorityGrouping
 .text.HAL_NVIC_SetPriority
                0x00000000080007a6       0x38 ./Drivers/STM32F1xx_HAL_Driver/Src/stm32f1xx_hal_cortex.o
                0x00000000080007a6                HAL_NVIC_SetPriority
 .text.HAL_SYSTICK_Config
                0x00000000080007de       0x18 ./Drivers/STM32F1xx_HAL_Driver/Src/stm32f1xx_hal_cortex.o
                0x00000000080007de                HAL_SYSTICK_Config
 *fill*         0x00000000080007f6        0x2 
 .text.HAL_GPIO_Init
                0x00000000080007f8      0x308 ./Drivers/STM32F1xx_HAL_Driver/Src/stm32f1xx_hal_gpio.o
                0x00000000080007f8                HAL_GPIO_Init
 .text.HAL_RCC_OscConfig
                0x0000000008000b00      0x504 ./Drivers/STM32F1xx_HAL_Driver/Src/stm32f1xx_hal_rcc.o
                0x0000000008000b00                HAL_RCC_OscConfig
 .text.HAL_RCC_ClockConfig
                0x0000000008001004      0x1d4 ./Drivers/STM32F1xx_HAL_Driver/Src/stm32f1xx_hal_rcc.o
                0x0000000008001004                HAL_RCC_ClockConfig
 .text.HAL_RCC_GetSysClockFreq
                0x00000000080011d8       0xbc ./Drivers/STM32F1xx_HAL_Driver/Src/stm32f1xx_hal_rcc.o
                0x00000000080011d8                HAL_RCC_GetSysClockFreq
 .text.HAL_RCC_GetHCLKFreq
                0x0000000008001294       0x14 ./Drivers/STM32F1xx_HAL_Driver/Src/stm32f1xx_hal_rcc.o
                0x0000000008001294                HAL_RCC_GetHCLKFreq
 .text.HAL_RCC_GetPCLK1Freq
                0x00000000080012a8       0x28 ./Drivers/STM32F1xx_HAL_Driver/Src/stm32f1xx_hal_rcc.o
                0x00000000080012a8                HAL_RCC_GetPCLK1Freq
 .text.HAL_RCC_GetPCLK2Freq
                0x00000000080012d0       0x28 ./Drivers/STM32F1xx_HAL_Driver/Src/stm32f1xx_hal_rcc.o
                0x00000000080012d0                HAL_RCC_GetPCLK2Freq
 .text.RCC_Delay
                0x00000000080012f8       0x3c ./Drivers/STM32F1xx_HAL_Driver/Src/stm32f1xx_hal_rcc.o
 .text.HAL_UART_Init
                0x0000000008001334       0x9a ./Drivers/STM32F1xx_HAL_Driver/Src/stm32f1xx_hal_uart.o
                0x0000000008001334                HAL_UART_Init
 .text.HAL_UART_Transmit
                0x00000000080013ce      0x124 ./Drivers/STM32F1xx_HAL_Driver/Src/stm32f1xx_hal_uart.o
                0x00000000080013ce                HAL_UART_Transmit
 .text.HAL_UART_Receive
                0x00000000080014f2      0x144 ./Drivers/STM32F1xx_HAL_Driver/Src/stm32f1xx_hal_uart.o
                0x00000000080014f2                HAL_UART_Receive
 .text.UART_WaitOnFlagUntilTimeout
                0x0000000008001636       0x94 ./Drivers/STM32F1xx_HAL_Driver/Src/stm32f1xx_hal_uart.o
 *fill*         0x00000000080016ca        0x2 
 .text.UART_SetConfig
                0x00000000080016cc      0x11c ./Drivers/STM32F1xx_HAL_Driver/Src/stm32f1xx_hal_uart.o
 .text.__errno  0x00000000080017e8        0xc /opt/st/stm32cubeide_1.11.2/plugins/com.st.stm32cube.ide.mcu.externaltools.gnu-tools-for-stm32.10.3-2021.10.linux64_1.0.100.202210260954/tools/bin/../lib/gcc/arm-none-eabi/10.3.1/../../../../arm-none-eabi/lib/thumb/v7-m/nofp/libc_nano.a(lib_a-errno.o)
                0x00000000080017e8                __errno
 .text.__libc_init_array
                0x00000000080017f4       0x48 /opt/st/stm32cubeide_1.11.2/plugins/com.st.stm32cube.ide.mcu.externaltools.gnu-tools-for-stm32.10.3-2021.10.linux64_1.0.100.202210260954/tools/bin/../lib/gcc/arm-none-eabi/10.3.1/../../../../arm-none-eabi/lib/thumb/v7-m/nofp/libc_nano.a(lib_a-init.o)
                0x00000000080017f4                __libc_init_array
 .text.memset   0x000000000800183c       0x10 /opt/st/stm32cubeide_1.11.2/plugins/com.st.stm32cube.ide.mcu.externaltools.gnu-tools-for-stm32.10.3-2021.10.linux64_1.0.100.202210260954/tools/bin/../lib/gcc/arm-none-eabi/10.3.1/../../../../arm-none-eabi/lib/thumb/v7-m/nofp/libc_nano.a(lib_a-memset.o)
                0x000000000800183c                memset
 .text.sprintf  0x000000000800184c       0x40 /opt/st/stm32cubeide_1.11.2/plugins/com.st.stm32cube.ide.mcu.externaltools.gnu-tools-for-stm32.10.3-2021.10.linux64_1.0.100.202210260954/tools/bin/../lib/gcc/arm-none-eabi/10.3.1/../../../../arm-none-eabi/lib/thumb/v7-m/nofp/libc_nano.a(lib_a-sprintf.o)
                0x000000000800184c                sprintf
                0x000000000800184c                siprintf
 .text.__ssputs_r
                0x000000000800188c       0xb6 /opt/st/stm32cubeide_1.11.2/plugins/com.st.stm32cube.ide.mcu.externaltools.gnu-tools-for-stm32.10.3-2021.10.linux64_1.0.100.202210260954/tools/bin/../lib/gcc/arm-none-eabi/10.3.1/../../../../arm-none-eabi/lib/thumb/v7-m/nofp/libc_nano.a(lib_a-nano-svfprintf.o)
                0x000000000800188c                __ssputs_r
 *fill*         0x0000000008001942        0x2 
 .text._svfprintf_r
                0x0000000008001944      0x200 /opt/st/stm32cubeide_1.11.2/plugins/com.st.stm32cube.ide.mcu.externaltools.gnu-tools-for-stm32.10.3-2021.10.linux64_1.0.100.202210260954/tools/bin/../lib/gcc/arm-none-eabi/10.3.1/../../../../arm-none-eabi/lib/thumb/v7-m/nofp/libc_nano.a(lib_a-nano-svfprintf.o)
                0x0000000008001944                _svfprintf_r
                0x0000000008001944                _svfiprintf_r
 .text._printf_common
                0x0000000008001b44       0xde /opt/st/stm32cubeide_1.11.2/plugins/com.st.stm32cube.ide.mcu.externaltools.gnu-tools-for-stm32.10.3-2021.10.linux64_1.0.100.202210260954/tools/bin/../lib/gcc/arm-none-eabi/10.3.1/../../../../arm-none-eabi/lib/thumb/v7-m/nofp/libc_nano.a(lib_a-nano-vfprintf_i.o)
                0x0000000008001b44                _printf_common
 *fill*         0x0000000008001c22        0x2 
 .text._printf_i
                0x0000000008001c24      0x24c /opt/st/stm32cubeide_1.11.2/plugins/com.st.stm32cube.ide.mcu.externaltools.gnu-tools-for-stm32.10.3-2021.10.linux64_1.0.100.202210260954/tools/bin/../lib/gcc/arm-none-eabi/10.3.1/../../../../arm-none-eabi/lib/thumb/v7-m/nofp/libc_nano.a(lib_a-nano-vfprintf_i.o)
                0x0000000008001c24                _printf_i
 .text.memchr   0x0000000008001e70       0x1c /opt/st/stm32cubeide_1.11.2/plugins/com.st.stm32cube.ide.mcu.externaltools.gnu-tools-for-stm32.10.3-2021.10.linux64_1.0.100.202210260954/tools/bin/../lib/gcc/arm-none-eabi/10.3.1/../../../../arm-none-eabi/lib/thumb/v7-m/nofp/libc_nano.a(lib_a-memchr-stub.o)
                0x0000000008001e70                memchr
 .text.memcpy   0x0000000008001e8c       0x1c /opt/st/stm32cubeide_1.11.2/plugins/com.st.stm32cube.ide.mcu.externaltools.gnu-tools-for-stm32.10.3-2021.10.linux64_1.0.100.202210260954/tools/bin/../lib/gcc/arm-none-eabi/10.3.1/../../../../arm-none-eabi/lib/thumb/v7-m/nofp/libc_nano.a(lib_a-memcpy-stub.o)
                0x0000000008001e8c                memcpy
 .text.memmove  0x0000000008001ea8       0x34 /opt/st/stm32cubeide_1.11.2/plugins/com.st.stm32cube.ide.mcu.externaltools.gnu-tools-for-stm32.10.3-2021.10.linux64_1.0.100.202210260954/tools/bin/../lib/gcc/arm-none-eabi/10.3.1/../../../../arm-none-eabi/lib/thumb/v7-m/nofp/libc_nano.a(lib_a-memmove.o)
                0x0000000008001ea8                memmove
 .text._free_r  0x0000000008001edc       0x90 /opt/st/stm32cubeide_1.11.2/plugins/com.st.stm32cube.ide.mcu.externaltools.gnu-tools-for-stm32.10.3-2021.10.linux64_1.0.100.202210260954/tools/bin/../lib/gcc/arm-none-eabi/10.3.1/../../../../arm-none-eabi/lib/thumb/v7-m/nofp/libc_nano.a(lib_a-nano-freer.o)
                0x0000000008001edc                _free_r
 .text.sbrk_aligned
                0x0000000008001f6c       0x40 /opt/st/stm32cubeide_1.11.2/plugins/com.st.stm32cube.ide.mcu.externaltools.gnu-tools-for-stm32.10.3-2021.10.linux64_1.0.100.202210260954/tools/bin/../lib/gcc/arm-none-eabi/10.3.1/../../../../arm-none-eabi/lib/thumb/v7-m/nofp/libc_nano.a(lib_a-nano-mallocr.o)
 .text._malloc_r
                0x0000000008001fac       0xe8 /opt/st/stm32cubeide_1.11.2/plugins/com.st.stm32cube.ide.mcu.externaltools.gnu-tools-for-stm32.10.3-2021.10.linux64_1.0.100.202210260954/tools/bin/../lib/gcc/arm-none-eabi/10.3.1/../../../../arm-none-eabi/lib/thumb/v7-m/nofp/libc_nano.a(lib_a-nano-mallocr.o)
                0x0000000008001fac                _malloc_r
 .text._realloc_r
                0x0000000008002094       0x5e /opt/st/stm32cubeide_1.11.2/plugins/com.st.stm32cube.ide.mcu.externaltools.gnu-tools-for-stm32.10.3-2021.10.linux64_1.0.100.202210260954/tools/bin/../lib/gcc/arm-none-eabi/10.3.1/../../../../arm-none-eabi/lib/thumb/v7-m/nofp/libc_nano.a(lib_a-nano-reallocr.o)
                0x0000000008002094                _realloc_r
 *fill*         0x00000000080020f2        0x2 
 .text._sbrk_r  0x00000000080020f4       0x20 /opt/st/stm32cubeide_1.11.2/plugins/com.st.stm32cube.ide.mcu.externaltools.gnu-tools-for-stm32.10.3-2021.10.linux64_1.0.100.202210260954/tools/bin/../lib/gcc/arm-none-eabi/10.3.1/../../../../arm-none-eabi/lib/thumb/v7-m/nofp/libc_nano.a(lib_a-sbrkr.o)
                0x00000000080020f4                _sbrk_r
 .text.__malloc_lock
                0x0000000008002114        0xc /opt/st/stm32cubeide_1.11.2/plugins/com.st.stm32cube.ide.mcu.externaltools.gnu-tools-for-stm32.10.3-2021.10.linux64_1.0.100.202210260954/tools/bin/../lib/gcc/arm-none-eabi/10.3.1/../../../../arm-none-eabi/lib/thumb/v7-m/nofp/libc_nano.a(lib_a-mlock.o)
                0x0000000008002114                __malloc_lock
 .text.__malloc_unlock
                0x0000000008002120        0xc /opt/st/stm32cubeide_1.11.2/plugins/com.st.stm32cube.ide.mcu.externaltools.gnu-tools-for-stm32.10.3-2021.10.linux64_1.0.100.202210260954/tools/bin/../lib/gcc/arm-none-eabi/10.3.1/../../../../arm-none-eabi/lib/thumb/v7-m/nofp/libc_nano.a(lib_a-mlock.o)
                0x0000000008002120                __malloc_unlock
 .text._malloc_usable_size_r
                0x000000000800212c       0x10 /opt/st/stm32cubeide_1.11.2/plugins/com.st.stm32cube.ide.mcu.externaltools.gnu-tools-for-stm32.10.3-2021.10.linux64_1.0.100.202210260954/tools/bin/../lib/gcc/arm-none-eabi/10.3.1/../../../../arm-none-eabi/lib/thumb/v7-m/nofp/libc_nano.a(lib_a-nano-msizer.o)
                0x000000000800212c                _malloc_usable_size_r
 .text.__retarget_lock_acquire_recursive
                0x000000000800213c        0x2 /opt/st/stm32cubeide_1.11.2/plugins/com.st.stm32cube.ide.mcu.externaltools.gnu-tools-for-stm32.10.3-2021.10.linux64_1.0.100.202210260954/tools/bin/../lib/gcc/arm-none-eabi/10.3.1/../../../../arm-none-eabi/lib/thumb/v7-m/nofp/libc_nano.a(lib_a-lock.o)
                0x000000000800213c                __retarget_lock_acquire_recursive
 .text.__retarget_lock_release_recursive
                0x000000000800213e        0x2 /opt/st/stm32cubeide_1.11.2/plugins/com.st.stm32cube.ide.mcu.externaltools.gnu-tools-for-stm32.10.3-2021.10.linux64_1.0.100.202210260954/tools/bin/../lib/gcc/arm-none-eabi/10.3.1/../../../../arm-none-eabi/lib/thumb/v7-m/nofp/libc_nano.a(lib_a-lock.o)
                0x000000000800213e                __retarget_lock_release_recursive
 *(.glue_7)
 .glue_7        0x0000000008002140        0x0 linker stubs
 *(.glue_7t)
 .glue_7t       0x0000000008002140        0x0 linker stubs
 *(.eh_frame)
 .eh_frame      0x0000000008002140        0x0 /opt/st/stm32cubeide_1.11.2/plugins/com.st.stm32cube.ide.mcu.externaltools.gnu-tools-for-stm32.10.3-2021.10.linux64_1.0.100.202210260954/tools/bin/../lib/gcc/arm-none-eabi/10.3.1/thumb/v7-m/nofp/crtbegin.o
 *(.init)
 .init          0x0000000008002140        0x4 /opt/st/stm32cubeide_1.11.2/plugins/com.st.stm32cube.ide.mcu.externaltools.gnu-tools-for-stm32.10.3-2021.10.linux64_1.0.100.202210260954/tools/bin/../lib/gcc/arm-none-eabi/10.3.1/thumb/v7-m/nofp/crti.o
                0x0000000008002140                _init
 .init          0x0000000008002144        0x8 /opt/st/stm32cubeide_1.11.2/plugins/com.st.stm32cube.ide.mcu.externaltools.gnu-tools-for-stm32.10.3-2021.10.linux64_1.0.100.202210260954/tools/bin/../lib/gcc/arm-none-eabi/10.3.1/thumb/v7-m/nofp/crtn.o
 *(.fini)
 .fini          0x000000000800214c        0x4 /opt/st/stm32cubeide_1.11.2/plugins/com.st.stm32cube.ide.mcu.externaltools.gnu-tools-for-stm32.10.3-2021.10.linux64_1.0.100.202210260954/tools/bin/../lib/gcc/arm-none-eabi/10.3.1/thumb/v7-m/nofp/crti.o
                0x000000000800214c                _fini
 .fini          0x0000000008002150        0x8 /opt/st/stm32cubeide_1.11.2/plugins/com.st.stm32cube.ide.mcu.externaltools.gnu-tools-for-stm32.10.3-2021.10.linux64_1.0.100.202210260954/tools/bin/../lib/gcc/arm-none-eabi/10.3.1/thumb/v7-m/nofp/crtn.o
                0x0000000008002158                . = ALIGN (0x4)
                0x0000000008002158                _etext = .

.vfp11_veneer   0x0000000008002158        0x0
 .vfp11_veneer  0x0000000008002158        0x0 linker stubs

.v4_bx          0x0000000008002158        0x0
 .v4_bx         0x0000000008002158        0x0 linker stubs

.iplt           0x0000000008002158        0x0
 .iplt          0x0000000008002158        0x0 /opt/st/stm32cubeide_1.11.2/plugins/com.st.stm32cube.ide.mcu.externaltools.gnu-tools-for-stm32.10.3-2021.10.linux64_1.0.100.202210260954/tools/bin/../lib/gcc/arm-none-eabi/10.3.1/thumb/v7-m/nofp/crtbegin.o

.rodata         0x0000000008002158       0x94
                0x0000000008002158                . = ALIGN (0x4)
 *(.rodata)
 .rodata        0x0000000008002158       0x37 ./Core/Src/main.o
 *fill*         0x000000000800218f        0x1 
 .rodata        0x0000000008002190       0x10 ./Drivers/STM32F1xx_HAL_Driver/Src/stm32f1xx_hal_rcc.o
 *(.rodata*)
 .rodata.AHBPrescTable
                0x00000000080021a0       0x10 ./Core/Src/system_stm32f1xx.o
                0x00000000080021a0                AHBPrescTable
 .rodata.APBPrescTable
                0x00000000080021b0        0x8 ./Core/Src/system_stm32f1xx.o
                0x00000000080021b0                APBPrescTable
 .rodata._svfprintf_r.str1.1
                0x00000000080021b8       0x11 /opt/st/stm32cubeide_1.11.2/plugins/com.st.stm32cube.ide.mcu.externaltools.gnu-tools-for-stm32.10.3-2021.10.linux64_1.0.100.202210260954/tools/bin/../lib/gcc/arm-none-eabi/10.3.1/../../../../arm-none-eabi/lib/thumb/v7-m/nofp/libc_nano.a(lib_a-nano-svfprintf.o)
 .rodata._printf_i.str1.1
                0x00000000080021c9       0x22 /opt/st/stm32cubeide_1.11.2/plugins/com.st.stm32cube.ide.mcu.externaltools.gnu-tools-for-stm32.10.3-2021.10.linux64_1.0.100.202210260954/tools/bin/../lib/gcc/arm-none-eabi/10.3.1/../../../../arm-none-eabi/lib/thumb/v7-m/nofp/libc_nano.a(lib_a-nano-vfprintf_i.o)
                0x00000000080021ec                . = ALIGN (0x4)
 *fill*         0x00000000080021eb        0x1 

.rel.dyn        0x00000000080021ec        0x0
 .rel.iplt      0x00000000080021ec        0x0 /opt/st/stm32cubeide_1.11.2/plugins/com.st.stm32cube.ide.mcu.externaltools.gnu-tools-for-stm32.10.3-2021.10.linux64_1.0.100.202210260954/tools/bin/../lib/gcc/arm-none-eabi/10.3.1/thumb/v7-m/nofp/crtbegin.o

.ARM.extab      0x00000000080021ec        0x0
                0x00000000080021ec                . = ALIGN (0x4)
 *(.ARM.extab* .gnu.linkonce.armextab.*)
                0x00000000080021ec                . = ALIGN (0x4)

.ARM            0x00000000080021ec        0x0
                0x00000000080021ec                . = ALIGN (0x4)
                0x00000000080021ec                __exidx_start = .
 *(.ARM.exidx*)
                0x00000000080021ec                __exidx_end = .
                0x00000000080021ec                . = ALIGN (0x4)

.preinit_array  0x00000000080021ec        0x0
                0x00000000080021ec                . = ALIGN (0x4)
                0x00000000080021ec                PROVIDE (__preinit_array_start = .)
 *(.preinit_array*)
                0x00000000080021ec                PROVIDE (__preinit_array_end = .)
                0x00000000080021ec                . = ALIGN (0x4)

.init_array     0x00000000080021ec        0x4
                0x00000000080021ec                . = ALIGN (0x4)
                0x00000000080021ec                PROVIDE (__init_array_start = .)
 *(SORT_BY_NAME(.init_array.*))
 *(.init_array*)
 .init_array    0x00000000080021ec        0x4 /opt/st/stm32cubeide_1.11.2/plugins/com.st.stm32cube.ide.mcu.externaltools.gnu-tools-for-stm32.10.3-2021.10.linux64_1.0.100.202210260954/tools/bin/../lib/gcc/arm-none-eabi/10.3.1/thumb/v7-m/nofp/crtbegin.o
                0x00000000080021f0                PROVIDE (__init_array_end = .)
                0x00000000080021f0                . = ALIGN (0x4)

.fini_array     0x00000000080021f0        0x4
                0x00000000080021f0                . = ALIGN (0x4)
                [!provide]                        PROVIDE (__fini_array_start = .)
 *(SORT_BY_NAME(.fini_array.*))
 *(.fini_array*)
 .fini_array    0x00000000080021f0        0x4 /opt/st/stm32cubeide_1.11.2/plugins/com.st.stm32cube.ide.mcu.externaltools.gnu-tools-for-stm32.10.3-2021.10.linux64_1.0.100.202210260954/tools/bin/../lib/gcc/arm-none-eabi/10.3.1/thumb/v7-m/nofp/crtbegin.o
                [!provide]                        PROVIDE (__fini_array_end = .)
                0x00000000080021f4                . = ALIGN (0x4)
                0x00000000080021f4                _sidata = LOADADDR (.data)

.data           0x0000000020000000       0x70 load address 0x00000000080021f4
                0x0000000020000000                . = ALIGN (0x4)
                0x0000000020000000                _sdata = .
 *(.data)
 *(.data*)
 .data.SystemCoreClock
                0x0000000020000000        0x4 ./Core/Src/system_stm32f1xx.o
                0x0000000020000000                SystemCoreClock
 .data.uwTickPrio
                0x0000000020000004        0x4 ./Drivers/STM32F1xx_HAL_Driver/Src/stm32f1xx_hal.o
                0x0000000020000004                uwTickPrio
 .data.uwTickFreq
                0x0000000020000008        0x1 ./Drivers/STM32F1xx_HAL_Driver/Src/stm32f1xx_hal.o
                0x0000000020000008                uwTickFreq
 *fill*         0x0000000020000009        0x3 
 .data._impure_ptr
                0x000000002000000c        0x4 /opt/st/stm32cubeide_1.11.2/plugins/com.st.stm32cube.ide.mcu.externaltools.gnu-tools-for-stm32.10.3-2021.10.linux64_1.0.100.202210260954/tools/bin/../lib/gcc/arm-none-eabi/10.3.1/../../../../arm-none-eabi/lib/thumb/v7-m/nofp/libc_nano.a(lib_a-impure.o)
                0x000000002000000c                _impure_ptr
 .data.impure_data
                0x0000000020000010       0x60 /opt/st/stm32cubeide_1.11.2/plugins/com.st.stm32cube.ide.mcu.externaltools.gnu-tools-for-stm32.10.3-2021.10.linux64_1.0.100.202210260954/tools/bin/../lib/gcc/arm-none-eabi/10.3.1/../../../../arm-none-eabi/lib/thumb/v7-m/nofp/libc_nano.a(lib_a-impure.o)
 *(.RamFunc)
 *(.RamFunc*)
                0x0000000020000070                . = ALIGN (0x4)
                0x0000000020000070                _edata = .

.igot.plt       0x0000000020000070        0x0 load address 0x0000000008002264
 .igot.plt      0x0000000020000070        0x0 /opt/st/stm32cubeide_1.11.2/plugins/com.st.stm32cube.ide.mcu.externaltools.gnu-tools-for-stm32.10.3-2021.10.linux64_1.0.100.202210260954/tools/bin/../lib/gcc/arm-none-eabi/10.3.1/thumb/v7-m/nofp/crtbegin.o
                0x0000000020000070                . = ALIGN (0x4)

.bss            0x0000000020000070       0x78 load address 0x0000000008002264
                0x0000000020000070                _sbss = .
                0x0000000020000070                __bss_start__ = _sbss
 *(.bss)
 .bss           0x0000000020000070       0x1c /opt/st/stm32cubeide_1.11.2/plugins/com.st.stm32cube.ide.mcu.externaltools.gnu-tools-for-stm32.10.3-2021.10.linux64_1.0.100.202210260954/tools/bin/../lib/gcc/arm-none-eabi/10.3.1/thumb/v7-m/nofp/crtbegin.o
 *(.bss*)
 .bss.huart1    0x000000002000008c       0x44 ./Core/Src/main.o
                0x000000002000008c                huart1
 .bss.__sbrk_heap_end
                0x00000000200000d0        0x4 ./Core/Src/sysmem.o
 .bss.uwTick    0x00000000200000d4        0x4 ./Drivers/STM32F1xx_HAL_Driver/Src/stm32f1xx_hal.o
                0x00000000200000d4                uwTick
 .bss.__malloc_free_list
                0x00000000200000d8        0x4 /opt/st/stm32cubeide_1.11.2/plugins/com.st.stm32cube.ide.mcu.externaltools.gnu-tools-for-stm32.10.3-2021.10.linux64_1.0.100.202210260954/tools/bin/../lib/gcc/arm-none-eabi/10.3.1/../../../../arm-none-eabi/lib/thumb/v7-m/nofp/libc_nano.a(lib_a-nano-mallocr.o)
                0x00000000200000d8                __malloc_free_list
 .bss.__malloc_sbrk_start
                0x00000000200000dc        0x4 /opt/st/stm32cubeide_1.11.2/plugins/com.st.stm32cube.ide.mcu.externaltools.gnu-tools-for-stm32.10.3-2021.10.linux64_1.0.100.202210260954/tools/bin/../lib/gcc/arm-none-eabi/10.3.1/../../../../arm-none-eabi/lib/thumb/v7-m/nofp/libc_nano.a(lib_a-nano-mallocr.o)
                0x00000000200000dc                __malloc_sbrk_start
 .bss.errno     0x00000000200000e0        0x4 /opt/st/stm32cubeide_1.11.2/plugins/com.st.stm32cube.ide.mcu.externaltools.gnu-tools-for-stm32.10.3-2021.10.linux64_1.0.100.202210260954/tools/bin/../lib/gcc/arm-none-eabi/10.3.1/../../../../arm-none-eabi/lib/thumb/v7-m/nofp/libc_nano.a(lib_a-reent.o)
                0x00000000200000e0                errno
 .bss.__lock___malloc_recursive_mutex
                0x00000000200000e4        0x1 /opt/st/stm32cubeide_1.11.2/plugins/com.st.stm32cube.ide.mcu.externaltools.gnu-tools-for-stm32.10.3-2021.10.linux64_1.0.100.202210260954/tools/bin/../lib/gcc/arm-none-eabi/10.3.1/../../../../arm-none-eabi/lib/thumb/v7-m/nofp/libc_nano.a(lib_a-lock.o)
                0x00000000200000e4                __lock___malloc_recursive_mutex
 *(COMMON)
                0x00000000200000e8                . = ALIGN (0x4)
 *fill*         0x00000000200000e5        0x3 
                0x00000000200000e8                _ebss = .
                0x00000000200000e8                __bss_end__ = _ebss

._user_heap_stack
                0x00000000200000e8      0x600 load address 0x0000000008002264
                0x00000000200000e8                . = ALIGN (0x8)
                [!provide]                        PROVIDE (end = .)
                0x00000000200000e8                PROVIDE (_end = .)
                0x00000000200002e8                . = (. + _Min_Heap_Size)
 *fill*         0x00000000200000e8      0x200 
                0x00000000200006e8                . = (. + _Min_Stack_Size)
 *fill*         0x00000000200002e8      0x400 
                0x00000000200006e8                . = ALIGN (0x8)

/DISCARD/
 libc.a(*)
 libm.a(*)
 libgcc.a(*)

.ARM.attributes
                0x0000000000000000       0x29
 *(.ARM.attributes)
 .ARM.attributes
                0x0000000000000000       0x1d /opt/st/stm32cubeide_1.11.2/plugins/com.st.stm32cube.ide.mcu.externaltools.gnu-tools-for-stm32.10.3-2021.10.linux64_1.0.100.202210260954/tools/bin/../lib/gcc/arm-none-eabi/10.3.1/thumb/v7-m/nofp/crti.o
 .ARM.attributes
                0x000000000000001d       0x2d /opt/st/stm32cubeide_1.11.2/plugins/com.st.stm32cube.ide.mcu.externaltools.gnu-tools-for-stm32.10.3-2021.10.linux64_1.0.100.202210260954/tools/bin/../lib/gcc/arm-none-eabi/10.3.1/thumb/v7-m/nofp/crtbegin.o
 .ARM.attributes
                0x000000000000004a       0x2d ./Core/Src/main.o
 .ARM.attributes
                0x0000000000000077       0x2d ./Core/Src/stm32f1xx_hal_msp.o
 .ARM.attributes
                0x00000000000000a4       0x2d ./Core/Src/stm32f1xx_it.o
 .ARM.attributes
                0x00000000000000d1       0x2d ./Core/Src/sysmem.o
 .ARM.attributes
                0x00000000000000fe       0x2d ./Core/Src/system_stm32f1xx.o
 .ARM.attributes
                0x000000000000012b       0x21 ./Core/Startup/startup_stm32f103c8tx.o
 .ARM.attributes
                0x000000000000014c       0x2d ./Drivers/STM32F1xx_HAL_Driver/Src/stm32f1xx_hal.o
 .ARM.attributes
                0x0000000000000179       0x2d ./Drivers/STM32F1xx_HAL_Driver/Src/stm32f1xx_hal_cortex.o
 .ARM.attributes
                0x00000000000001a6       0x2d ./Drivers/STM32F1xx_HAL_Driver/Src/stm32f1xx_hal_gpio.o
 .ARM.attributes
                0x00000000000001d3       0x2d ./Drivers/STM32F1xx_HAL_Driver/Src/stm32f1xx_hal_rcc.o
 .ARM.attributes
                0x0000000000000200       0x2d ./Drivers/STM32F1xx_HAL_Driver/Src/stm32f1xx_hal_uart.o
 .ARM.attributes
                0x000000000000022d       0x2d /opt/st/stm32cubeide_1.11.2/plugins/com.st.stm32cube.ide.mcu.externaltools.gnu-tools-for-stm32.10.3-2021.10.linux64_1.0.100.202210260954/tools/bin/../lib/gcc/arm-none-eabi/10.3.1/../../../../arm-none-eabi/lib/thumb/v7-m/nofp/libc_nano.a(lib_a-errno.o)
 .ARM.attributes
                0x000000000000025a       0x2d /opt/st/stm32cubeide_1.11.2/plugins/com.st.stm32cube.ide.mcu.externaltools.gnu-tools-for-stm32.10.3-2021.10.linux64_1.0.100.202210260954/tools/bin/../lib/gcc/arm-none-eabi/10.3.1/../../../../arm-none-eabi/lib/thumb/v7-m/nofp/libc_nano.a(lib_a-impure.o)
 .ARM.attributes
                0x0000000000000287       0x2d /opt/st/stm32cubeide_1.11.2/plugins/com.st.stm32cube.ide.mcu.externaltools.gnu-tools-for-stm32.10.3-2021.10.linux64_1.0.100.202210260954/tools/bin/../lib/gcc/arm-none-eabi/10.3.1/../../../../arm-none-eabi/lib/thumb/v7-m/nofp/libc_nano.a(lib_a-init.o)
 .ARM.attributes
                0x00000000000002b4       0x2d /opt/st/stm32cubeide_1.11.2/plugins/com.st.stm32cube.ide.mcu.externaltools.gnu-tools-for-stm32.10.3-2021.10.linux64_1.0.100.202210260954/tools/bin/../lib/gcc/arm-none-eabi/10.3.1/../../../../arm-none-eabi/lib/thumb/v7-m/nofp/libc_nano.a(lib_a-memset.o)
 .ARM.attributes
                0x00000000000002e1       0x2d /opt/st/stm32cubeide_1.11.2/plugins/com.st.stm32cube.ide.mcu.externaltools.gnu-tools-for-stm32.10.3-2021.10.linux64_1.0.100.202210260954/tools/bin/../lib/gcc/arm-none-eabi/10.3.1/../../../../arm-none-eabi/lib/thumb/v7-m/nofp/libc_nano.a(lib_a-sprintf.o)
 .ARM.attributes
                0x000000000000030e       0x17 /opt/st/stm32cubeide_1.11.2/plugins/com.st.stm32cube.ide.mcu.externaltools.gnu-tools-for-stm32.10.3-2021.10.linux64_1.0.100.202210260954/tools/bin/../lib/gcc/arm-none-eabi/10.3.1/../../../../arm-none-eabi/lib/thumb/v7-m/nofp/libc_nano.a(lib_a-strlen.o)
 .ARM.attributes
                0x0000000000000325       0x2d /opt/st/stm32cubeide_1.11.2/plugins/com.st.stm32cube.ide.mcu.externaltools.gnu-tools-for-stm32.10.3-2021.10.linux64_1.0.100.202210260954/tools/bin/../lib/gcc/arm-none-eabi/10.3.1/../../../../arm-none-eabi/lib/thumb/v7-m/nofp/libc_nano.a(lib_a-nano-svfprintf.o)
 .ARM.attributes
                0x0000000000000352       0x2d /opt/st/stm32cubeide_1.11.2/plugins/com.st.stm32cube.ide.mcu.externaltools.gnu-tools-for-stm32.10.3-2021.10.linux64_1.0.100.202210260954/tools/bin/../lib/gcc/arm-none-eabi/10.3.1/../../../../arm-none-eabi/lib/thumb/v7-m/nofp/libc_nano.a(lib_a-nano-vfprintf_i.o)
 .ARM.attributes
                0x000000000000037f       0x2d /opt/st/stm32cubeide_1.11.2/plugins/com.st.stm32cube.ide.mcu.externaltools.gnu-tools-for-stm32.10.3-2021.10.linux64_1.0.100.202210260954/tools/bin/../lib/gcc/arm-none-eabi/10.3.1/../../../../arm-none-eabi/lib/thumb/v7-m/nofp/libc_nano.a(lib_a-memchr-stub.o)
 .ARM.attributes
                0x00000000000003ac       0x2d /opt/st/stm32cubeide_1.11.2/plugins/com.st.stm32cube.ide.mcu.externaltools.gnu-tools-for-stm32.10.3-2021.10.linux64_1.0.100.202210260954/tools/bin/../lib/gcc/arm-none-eabi/10.3.1/../../../../arm-none-eabi/lib/thumb/v7-m/nofp/libc_nano.a(lib_a-memcpy-stub.o)
 .ARM.attributes
                0x00000000000003d9       0x2d /opt/st/stm32cubeide_1.11.2/plugins/com.st.stm32cube.ide.mcu.externaltools.gnu-tools-for-stm32.10.3-2021.10.linux64_1.0.100.202210260954/tools/bin/../lib/gcc/arm-none-eabi/10.3.1/../../../../arm-none-eabi/lib/thumb/v7-m/nofp/libc_nano.a(lib_a-memmove.o)
 .ARM.attributes
                0x0000000000000406       0x2d /opt/st/stm32cubeide_1.11.2/plugins/com.st.stm32cube.ide.mcu.externaltools.gnu-tools-for-stm32.10.3-2021.10.linux64_1.0.100.202210260954/tools/bin/../lib/gcc/arm-none-eabi/10.3.1/../../../../arm-none-eabi/lib/thumb/v7-m/nofp/libc_nano.a(lib_a-nano-freer.o)
 .ARM.attributes
                0x0000000000000433       0x2d /opt/st/stm32cubeide_1.11.2/plugins/com.st.stm32cube.ide.mcu.externaltools.gnu-tools-for-stm32.10.3-2021.10.linux64_1.0.100.202210260954/tools/bin/../lib/gcc/arm-none-eabi/10.3.1/../../../../arm-none-eabi/lib/thumb/v7-m/nofp/libc_nano.a(lib_a-nano-mallocr.o)
 .ARM.attributes
                0x0000000000000460       0x2d /opt/st/stm32cubeide_1.11.2/plugins/com.st.stm32cube.ide.mcu.externaltools.gnu-tools-for-stm32.10.3-2021.10.linux64_1.0.100.202210260954/tools/bin/../lib/gcc/arm-none-eabi/10.3.1/../../../../arm-none-eabi/lib/thumb/v7-m/nofp/libc_nano.a(lib_a-nano-reallocr.o)
 .ARM.attributes
                0x000000000000048d       0x2d /opt/st/stm32cubeide_1.11.2/plugins/com.st.stm32cube.ide.mcu.externaltools.gnu-tools-for-stm32.10.3-2021.10.linux64_1.0.100.202210260954/tools/bin/../lib/gcc/arm-none-eabi/10.3.1/../../../../arm-none-eabi/lib/thumb/v7-m/nofp/libc_nano.a(lib_a-sbrkr.o)
 .ARM.attributes
                0x00000000000004ba       0x2d /opt/st/stm32cubeide_1.11.2/plugins/com.st.stm32cube.ide.mcu.externaltools.gnu-tools-for-stm32.10.3-2021.10.linux64_1.0.100.202210260954/tools/bin/../lib/gcc/arm-none-eabi/10.3.1/../../../../arm-none-eabi/lib/thumb/v7-m/nofp/libc_nano.a(lib_a-mlock.o)
 .ARM.attributes
                0x00000000000004e7       0x2d /opt/st/stm32cubeide_1.11.2/plugins/com.st.stm32cube.ide.mcu.externaltools.gnu-tools-for-stm32.10.3-2021.10.linux64_1.0.100.202210260954/tools/bin/../lib/gcc/arm-none-eabi/10.3.1/../../../../arm-none-eabi/lib/thumb/v7-m/nofp/libc_nano.a(lib_a-nano-msizer.o)
 .ARM.attributes
                0x0000000000000514       0x2d /opt/st/stm32cubeide_1.11.2/plugins/com.st.stm32cube.ide.mcu.externaltools.gnu-tools-for-stm32.10.3-2021.10.linux64_1.0.100.202210260954/tools/bin/../lib/gcc/arm-none-eabi/10.3.1/../../../../arm-none-eabi/lib/thumb/v7-m/nofp/libc_nano.a(lib_a-reent.o)
 .ARM.attributes
                0x0000000000000541       0x2d /opt/st/stm32cubeide_1.11.2/plugins/com.st.stm32cube.ide.mcu.externaltools.gnu-tools-for-stm32.10.3-2021.10.linux64_1.0.100.202210260954/tools/bin/../lib/gcc/arm-none-eabi/10.3.1/../../../../arm-none-eabi/lib/thumb/v7-m/nofp/libc_nano.a(lib_a-lock.o)
 .ARM.attributes
                0x000000000000056e       0x1d /opt/st/stm32cubeide_1.11.2/plugins/com.st.stm32cube.ide.mcu.externaltools.gnu-tools-for-stm32.10.3-2021.10.linux64_1.0.100.202210260954/tools/bin/../lib/gcc/arm-none-eabi/10.3.1/thumb/v7-m/nofp/crtn.o
OUTPUT(what is your name2.elf elf32-littlearm)
LOAD linker stubs
LOAD /opt/st/stm32cubeide_1.11.2/plugins/com.st.stm32cube.ide.mcu.externaltools.gnu-tools-for-stm32.10.3-2021.10.linux64_1.0.100.202210260954/tools/bin/../lib/gcc/arm-none-eabi/10.3.1/../../../../arm-none-eabi/lib/thumb/v7-m/nofp/libc.a
LOAD /opt/st/stm32cubeide_1.11.2/plugins/com.st.stm32cube.ide.mcu.externaltools.gnu-tools-for-stm32.10.3-2021.10.linux64_1.0.100.202210260954/tools/bin/../lib/gcc/arm-none-eabi/10.3.1/../../../../arm-none-eabi/lib/thumb/v7-m/nofp/libm.a
LOAD /opt/st/stm32cubeide_1.11.2/plugins/com.st.stm32cube.ide.mcu.externaltools.gnu-tools-for-stm32.10.3-2021.10.linux64_1.0.100.202210260954/tools/bin/../lib/gcc/arm-none-eabi/10.3.1/thumb/v7-m/nofp/libgcc.a

.debug_info     0x0000000000000000     0x4ca9
 .debug_info    0x0000000000000000      0x969 ./Core/Src/main.o
 .debug_info    0x0000000000000969      0x7ad ./Core/Src/stm32f1xx_hal_msp.o
 .debug_info    0x0000000000001116      0x122 ./Core/Src/stm32f1xx_it.o
 .debug_info    0x0000000000001238      0x171 ./Core/Src/sysmem.o
 .debug_info    0x00000000000013a9      0x23d ./Core/Src/system_stm32f1xx.o
 .debug_info    0x00000000000015e6       0x22 ./Core/Startup/startup_stm32f103c8tx.o
 .debug_info    0x0000000000001608      0x734 ./Drivers/STM32F1xx_HAL_Driver/Src/stm32f1xx_hal.o
 .debug_info    0x0000000000001d3c      0xb20 ./Drivers/STM32F1xx_HAL_Driver/Src/stm32f1xx_hal_cortex.o
 .debug_info    0x000000000000285c      0x615 ./Drivers/STM32F1xx_HAL_Driver/Src/stm32f1xx_hal_gpio.o
 .debug_info    0x0000000000002e71      0x860 ./Drivers/STM32F1xx_HAL_Driver/Src/stm32f1xx_hal_rcc.o
 .debug_info    0x00000000000036d1     0x15d8 ./Drivers/STM32F1xx_HAL_Driver/Src/stm32f1xx_hal_uart.o

.debug_abbrev   0x0000000000000000     0x1201
 .debug_abbrev  0x0000000000000000      0x240 ./Core/Src/main.o
 .debug_abbrev  0x0000000000000240      0x182 ./Core/Src/stm32f1xx_hal_msp.o
 .debug_abbrev  0x00000000000003c2       0x74 ./Core/Src/stm32f1xx_it.o
 .debug_abbrev  0x0000000000000436       0xbb ./Core/Src/sysmem.o
 .debug_abbrev  0x00000000000004f1      0x13b ./Core/Src/system_stm32f1xx.o
 .debug_abbrev  0x000000000000062c       0x12 ./Core/Startup/startup_stm32f103c8tx.o
 .debug_abbrev  0x000000000000063e      0x1fb ./Drivers/STM32F1xx_HAL_Driver/Src/stm32f1xx_hal.o
 .debug_abbrev  0x0000000000000839      0x2ed ./Drivers/STM32F1xx_HAL_Driver/Src/stm32f1xx_hal_cortex.o
 .debug_abbrev  0x0000000000000b26      0x1bb ./Drivers/STM32F1xx_HAL_Driver/Src/stm32f1xx_hal_gpio.o
 .debug_abbrev  0x0000000000000ce1      0x2a8 ./Drivers/STM32F1xx_HAL_Driver/Src/stm32f1xx_hal_rcc.o
 .debug_abbrev  0x0000000000000f89      0x278 ./Drivers/STM32F1xx_HAL_Driver/Src/stm32f1xx_hal_uart.o

.debug_aranges  0x0000000000000000      0x608
 .debug_aranges
                0x0000000000000000       0x40 ./Core/Src/main.o
 .debug_aranges
                0x0000000000000040       0x30 ./Core/Src/stm32f1xx_hal_msp.o
 .debug_aranges
                0x0000000000000070       0x60 ./Core/Src/stm32f1xx_it.o
 .debug_aranges
                0x00000000000000d0       0x20 ./Core/Src/sysmem.o
 .debug_aranges
                0x00000000000000f0       0x28 ./Core/Src/system_stm32f1xx.o
 .debug_aranges
                0x0000000000000118       0x28 ./Core/Startup/startup_stm32f103c8tx.o
 .debug_aranges
                0x0000000000000140       0xe0 ./Drivers/STM32F1xx_HAL_Driver/Src/stm32f1xx_hal.o
 .debug_aranges
                0x0000000000000220      0x100 ./Drivers/STM32F1xx_HAL_Driver/Src/stm32f1xx_hal_cortex.o
 .debug_aranges
                0x0000000000000320       0x58 ./Drivers/STM32F1xx_HAL_Driver/Src/stm32f1xx_hal_gpio.o
 .debug_aranges
                0x0000000000000378       0x90 ./Drivers/STM32F1xx_HAL_Driver/Src/stm32f1xx_hal_rcc.o
 .debug_aranges
                0x0000000000000408      0x200 ./Drivers/STM32F1xx_HAL_Driver/Src/stm32f1xx_hal_uart.o

.debug_ranges   0x0000000000000000      0x5a8
 .debug_ranges  0x0000000000000000       0x48 ./Core/Src/main.o
 .debug_ranges  0x0000000000000048       0x20 ./Core/Src/stm32f1xx_hal_msp.o
 .debug_ranges  0x0000000000000068       0x50 ./Core/Src/stm32f1xx_it.o
 .debug_ranges  0x00000000000000b8       0x10 ./Core/Src/sysmem.o
 .debug_ranges  0x00000000000000c8       0x18 ./Core/Src/system_stm32f1xx.o
 .debug_ranges  0x00000000000000e0       0x20 ./Core/Startup/startup_stm32f103c8tx.o
 .debug_ranges  0x0000000000000100       0xd0 ./Drivers/STM32F1xx_HAL_Driver/Src/stm32f1xx_hal.o
 .debug_ranges  0x00000000000001d0       0xf0 ./Drivers/STM32F1xx_HAL_Driver/Src/stm32f1xx_hal_cortex.o
 .debug_ranges  0x00000000000002c0       0x48 ./Drivers/STM32F1xx_HAL_Driver/Src/stm32f1xx_hal_gpio.o
 .debug_ranges  0x0000000000000308       0x80 ./Drivers/STM32F1xx_HAL_Driver/Src/stm32f1xx_hal_rcc.o
 .debug_ranges  0x0000000000000388      0x220 ./Drivers/STM32F1xx_HAL_Driver/Src/stm32f1xx_hal_uart.o

.debug_macro    0x0000000000000000    0x16d3a
 .debug_macro   0x0000000000000000      0x35b ./Core/Src/main.o
 .debug_macro   0x000000000000035b      0xa6c ./Core/Src/main.o
 .debug_macro   0x0000000000000dc7      0x215 ./Core/Src/main.o
 .debug_macro   0x0000000000000fdc       0x2e ./Core/Src/main.o
 .debug_macro   0x000000000000100a       0x22 ./Core/Src/main.o
 .debug_macro   0x000000000000102c       0x22 ./Core/Src/main.o
 .debug_macro   0x000000000000104e       0x8e ./Core/Src/main.o
 .debug_macro   0x00000000000010dc       0x51 ./Core/Src/main.o
 .debug_macro   0x000000000000112d      0x103 ./Core/Src/main.o
 .debug_macro   0x0000000000001230       0x6a ./Core/Src/main.o
 .debug_macro   0x000000000000129a      0x1df ./Core/Src/main.o
 .debug_macro   0x0000000000001479       0x1c ./Core/Src/main.o
 .debug_macro   0x0000000000001495       0x22 ./Core/Src/main.o
 .debug_macro   0x00000000000014b7       0xbd ./Core/Src/main.o
 .debug_macro   0x0000000000001574      0xd23 ./Core/Src/main.o
 .debug_macro   0x0000000000002297     0xe09e ./Core/Src/main.o
 .debug_macro   0x0000000000010335       0x6d ./Core/Src/main.o
 .debug_macro   0x00000000000103a2     0x3468 ./Core/Src/main.o
 .debug_macro   0x000000000001380a      0x174 ./Core/Src/main.o
 .debug_macro   0x000000000001397e       0x5c ./Core/Src/main.o
 .debug_macro   0x00000000000139da      0x5be ./Core/Src/main.o
 .debug_macro   0x0000000000013f98      0x289 ./Core/Src/main.o
 .debug_macro   0x0000000000014221      0x1cb ./Core/Src/main.o
 .debug_macro   0x00000000000143ec      0x114 ./Core/Src/main.o
 .debug_macro   0x0000000000014500      0x1b2 ./Core/Src/main.o
 .debug_macro   0x00000000000146b2       0x27 ./Core/Src/main.o
 .debug_macro   0x00000000000146d9      0x136 ./Core/Src/main.o
 .debug_macro   0x000000000001480f      0x1bc ./Core/Src/main.o
 .debug_macro   0x00000000000149cb       0x34 ./Core/Src/main.o
 .debug_macro   0x00000000000149ff       0x3c ./Core/Src/main.o
 .debug_macro   0x0000000000014a3b       0x57 ./Core/Src/main.o
 .debug_macro   0x0000000000014a92       0x88 ./Core/Src/main.o
 .debug_macro   0x0000000000014b1a      0x241 ./Core/Src/main.o
 .debug_macro   0x0000000000014d5b      0x141 ./Core/Src/main.o
 .debug_macro   0x0000000000014e9c      0x279 ./Core/Src/main.o
 .debug_macro   0x0000000000015115       0x83 ./Core/Src/main.o
 .debug_macro   0x0000000000015198       0x52 ./Core/Src/main.o
 .debug_macro   0x00000000000151ea       0x18 ./Core/Src/main.o
 .debug_macro   0x0000000000015202       0x3c ./Core/Src/main.o
 .debug_macro   0x000000000001523e       0x34 ./Core/Src/main.o
 .debug_macro   0x0000000000015272       0x16 ./Core/Src/main.o
 .debug_macro   0x0000000000015288       0x35 ./Core/Src/main.o
 .debug_macro   0x00000000000152bd      0x341 ./Core/Src/main.o
 .debug_macro   0x00000000000155fe       0x10 ./Core/Src/main.o
 .debug_macro   0x000000000001560e       0x16 ./Core/Src/main.o
 .debug_macro   0x0000000000015624       0x43 ./Core/Src/main.o
 .debug_macro   0x0000000000015667       0x34 ./Core/Src/main.o
 .debug_macro   0x000000000001569b       0x10 ./Core/Src/main.o
 .debug_macro   0x00000000000156ab       0x58 ./Core/Src/main.o
 .debug_macro   0x0000000000015703       0x71 ./Core/Src/main.o
 .debug_macro   0x0000000000015774       0x1c ./Core/Src/main.o
 .debug_macro   0x0000000000015790      0x12a ./Core/Src/main.o
 .debug_macro   0x00000000000158ba       0x10 ./Core/Src/main.o
 .debug_macro   0x00000000000158ca       0x1c ./Core/Src/main.o
 .debug_macro   0x00000000000158e6       0x52 ./Core/Src/main.o
 .debug_macro   0x0000000000015938       0x22 ./Core/Src/main.o
 .debug_macro   0x000000000001595a       0x10 ./Core/Src/main.o
 .debug_macro   0x000000000001596a       0x52 ./Core/Src/main.o
 .debug_macro   0x00000000000159bc       0xd5 ./Core/Src/main.o
 .debug_macro   0x0000000000015a91       0x1c ./Core/Src/main.o
 .debug_macro   0x0000000000015aad       0x3d ./Core/Src/main.o
 .debug_macro   0x0000000000015aea       0x16 ./Core/Src/main.o
 .debug_macro   0x0000000000015b00      0x145 ./Core/Src/main.o
 .debug_macro   0x0000000000015c45       0x16 ./Core/Src/main.o
 .debug_macro   0x0000000000015c5b       0x16 ./Core/Src/main.o
 .debug_macro   0x0000000000015c71       0x29 ./Core/Src/main.o
 .debug_macro   0x0000000000015c9a       0x16 ./Core/Src/main.o
 .debug_macro   0x0000000000015cb0       0x20 ./Core/Src/main.o
 .debug_macro   0x0000000000015cd0      0x198 ./Core/Src/stm32f1xx_hal_msp.o
 .debug_macro   0x0000000000015e68      0x1a2 ./Core/Src/stm32f1xx_it.o
 .debug_macro   0x000000000001600a       0xff ./Core/Src/sysmem.o
 .debug_macro   0x0000000000016109      0x23b ./Core/Src/sysmem.o
 .debug_macro   0x0000000000016344      0x18e ./Core/Src/system_stm32f1xx.o
 .debug_macro   0x00000000000164d2      0x1b2 ./Drivers/STM32F1xx_HAL_Driver/Src/stm32f1xx_hal.o
 .debug_macro   0x0000000000016684      0x18e ./Drivers/STM32F1xx_HAL_Driver/Src/stm32f1xx_hal_cortex.o
 .debug_macro   0x0000000000016812      0x1f9 ./Drivers/STM32F1xx_HAL_Driver/Src/stm32f1xx_hal_gpio.o
 .debug_macro   0x0000000000016a0b      0x1a0 ./Drivers/STM32F1xx_HAL_Driver/Src/stm32f1xx_hal_rcc.o
 .debug_macro   0x0000000000016bab      0x18f ./Drivers/STM32F1xx_HAL_Driver/Src/stm32f1xx_hal_uart.o

.debug_line     0x0000000000000000     0x6623
 .debug_line    0x0000000000000000      0x95c ./Core/Src/main.o
 .debug_line    0x000000000000095c      0x677 ./Core/Src/stm32f1xx_hal_msp.o
 .debug_line    0x0000000000000fd3      0x6e7 ./Core/Src/stm32f1xx_it.o
 .debug_line    0x00000000000016ba      0x4c7 ./Core/Src/sysmem.o
 .debug_line    0x0000000000001b81      0x6a3 ./Core/Src/system_stm32f1xx.o
 .debug_line    0x0000000000002224       0x87 ./Core/Startup/startup_stm32f103c8tx.o
 .debug_line    0x00000000000022ab      0x8d0 ./Drivers/STM32F1xx_HAL_Driver/Src/stm32f1xx_hal.o
 .debug_line    0x0000000000002b7b      0xab8 ./Drivers/STM32F1xx_HAL_Driver/Src/stm32f1xx_hal_cortex.o
 .debug_line    0x0000000000003633      0x967 ./Drivers/STM32F1xx_HAL_Driver/Src/stm32f1xx_hal_gpio.o
 .debug_line    0x0000000000003f9a      0xcde ./Drivers/STM32F1xx_HAL_Driver/Src/stm32f1xx_hal_rcc.o
 .debug_line    0x0000000000004c78     0x19ab ./Drivers/STM32F1xx_HAL_Driver/Src/stm32f1xx_hal_uart.o

.debug_str      0x0000000000000000    0x8227a
 .debug_str     0x0000000000000000    0x80719 ./Core/Src/main.o
                                      0x80aba (size before relaxing)
 .debug_str     0x0000000000080719       0xb7 ./Core/Src/stm32f1xx_hal_msp.o
                                      0x7ca82 (size before relaxing)
 .debug_str     0x00000000000807d0       0xc9 ./Core/Src/stm32f1xx_it.o
                                      0x7c668 (size before relaxing)
 .debug_str     0x0000000000080899      0x4da ./Core/Src/sysmem.o
                                       0x5d53 (size before relaxing)
 .debug_str     0x0000000000080d73       0x7e ./Core/Src/system_stm32f1xx.o
                                      0x7c67e (size before relaxing)
 .debug_str     0x0000000000080df1       0x36 ./Core/Startup/startup_stm32f103c8tx.o
                                         0x6d (size before relaxing)
 .debug_str     0x0000000000080e27      0x611 ./Drivers/STM32F1xx_HAL_Driver/Src/stm32f1xx_hal.o
                                      0x7cdb1 (size before relaxing)
 .debug_str     0x0000000000081438      0x2c5 ./Drivers/STM32F1xx_HAL_Driver/Src/stm32f1xx_hal_cortex.o
                                      0x7ccfd (size before relaxing)
 .debug_str     0x00000000000816fd      0x346 ./Drivers/STM32F1xx_HAL_Driver/Src/stm32f1xx_hal_gpio.o
                                      0x7ca04 (size before relaxing)
 .debug_str     0x0000000000081a43      0x229 ./Drivers/STM32F1xx_HAL_Driver/Src/stm32f1xx_hal_rcc.o
                                      0x7caad (size before relaxing)
 .debug_str     0x0000000000081c6c      0x60e ./Drivers/STM32F1xx_HAL_Driver/Src/stm32f1xx_hal_uart.o
                                      0x7d0b8 (size before relaxing)

.comment        0x0000000000000000       0x50
 .comment       0x0000000000000000       0x50 ./Core/Src/main.o
                                         0x51 (size before relaxing)
 .comment       0x0000000000000050       0x51 ./Core/Src/stm32f1xx_hal_msp.o
 .comment       0x0000000000000050       0x51 ./Core/Src/stm32f1xx_it.o
 .comment       0x0000000000000050       0x51 ./Core/Src/sysmem.o
 .comment       0x0000000000000050       0x51 ./Core/Src/system_stm32f1xx.o
 .comment       0x0000000000000050       0x51 ./Drivers/STM32F1xx_HAL_Driver/Src/stm32f1xx_hal.o
 .comment       0x0000000000000050       0x51 ./Drivers/STM32F1xx_HAL_Driver/Src/stm32f1xx_hal_cortex.o
 .comment       0x0000000000000050       0x51 ./Drivers/STM32F1xx_HAL_Driver/Src/stm32f1xx_hal_gpio.o
 .comment       0x0000000000000050       0x51 ./Drivers/STM32F1xx_HAL_Driver/Src/stm32f1xx_hal_rcc.o
 .comment       0x0000000000000050       0x51 ./Drivers/STM32F1xx_HAL_Driver/Src/stm32f1xx_hal_uart.o

.debug_frame    0x0000000000000000     0x1b2c
 .debug_frame   0x0000000000000000       0xbc ./Core/Src/main.o
 .debug_frame   0x00000000000000bc       0x80 ./Core/Src/stm32f1xx_hal_msp.o
 .debug_frame   0x000000000000013c      0x104 ./Core/Src/stm32f1xx_it.o
 .debug_frame   0x0000000000000240       0x34 ./Core/Src/sysmem.o
 .debug_frame   0x0000000000000274       0x58 ./Core/Src/system_stm32f1xx.o
 .debug_frame   0x00000000000002cc      0x334 ./Drivers/STM32F1xx_HAL_Driver/Src/stm32f1xx_hal.o
 .debug_frame   0x0000000000000600      0x428 ./Drivers/STM32F1xx_HAL_Driver/Src/stm32f1xx_hal_cortex.o
 .debug_frame   0x0000000000000a28      0x14c ./Drivers/STM32F1xx_HAL_Driver/Src/stm32f1xx_hal_gpio.o
 .debug_frame   0x0000000000000b74      0x21c ./Drivers/STM32F1xx_HAL_Driver/Src/stm32f1xx_hal_rcc.o
 .debug_frame   0x0000000000000d90      0x914 ./Drivers/STM32F1xx_HAL_Driver/Src/stm32f1xx_hal_uart.o
 .debug_frame   0x00000000000016a4       0x20 /opt/st/stm32cubeide_1.11.2/plugins/com.st.stm32cube.ide.mcu.externaltools.gnu-tools-for-stm32.10.3-2021.10.linux64_1.0.100.202210260954/tools/bin/../lib/gcc/arm-none-eabi/10.3.1/../../../../arm-none-eabi/lib/thumb/v7-m/nofp/libc_nano.a(lib_a-errno.o)
 .debug_frame   0x00000000000016c4       0x2c /opt/st/stm32cubeide_1.11.2/plugins/com.st.stm32cube.ide.mcu.externaltools.gnu-tools-for-stm32.10.3-2021.10.linux64_1.0.100.202210260954/tools/bin/../lib/gcc/arm-none-eabi/10.3.1/../../../../arm-none-eabi/lib/thumb/v7-m/nofp/libc_nano.a(lib_a-init.o)
 .debug_frame   0x00000000000016f0       0x20 /opt/st/stm32cubeide_1.11.2/plugins/com.st.stm32cube.ide.mcu.externaltools.gnu-tools-for-stm32.10.3-2021.10.linux64_1.0.100.202210260954/tools/bin/../lib/gcc/arm-none-eabi/10.3.1/../../../../arm-none-eabi/lib/thumb/v7-m/nofp/libc_nano.a(lib_a-memset.o)
 .debug_frame   0x0000000000001710       0x6c /opt/st/stm32cubeide_1.11.2/plugins/com.st.stm32cube.ide.mcu.externaltools.gnu-tools-for-stm32.10.3-2021.10.linux64_1.0.100.202210260954/tools/bin/../lib/gcc/arm-none-eabi/10.3.1/../../../../arm-none-eabi/lib/thumb/v7-m/nofp/libc_nano.a(lib_a-sprintf.o)
 .debug_frame   0x000000000000177c       0x90 /opt/st/stm32cubeide_1.11.2/plugins/com.st.stm32cube.ide.mcu.externaltools.gnu-tools-for-stm32.10.3-2021.10.linux64_1.0.100.202210260954/tools/bin/../lib/gcc/arm-none-eabi/10.3.1/../../../../arm-none-eabi/lib/thumb/v7-m/nofp/libc_nano.a(lib_a-nano-svfprintf.o)
 .debug_frame   0x000000000000180c       0x60 /opt/st/stm32cubeide_1.11.2/plugins/com.st.stm32cube.ide.mcu.externaltools.gnu-tools-for-stm32.10.3-2021.10.linux64_1.0.100.202210260954/tools/bin/../lib/gcc/arm-none-eabi/10.3.1/../../../../arm-none-eabi/lib/thumb/v7-m/nofp/libc_nano.a(lib_a-nano-vfprintf_i.o)
 .debug_frame   0x000000000000186c       0x28 /opt/st/stm32cubeide_1.11.2/plugins/com.st.stm32cube.ide.mcu.externaltools.gnu-tools-for-stm32.10.3-2021.10.linux64_1.0.100.202210260954/tools/bin/../lib/gcc/arm-none-eabi/10.3.1/../../../../arm-none-eabi/lib/thumb/v7-m/nofp/libc_nano.a(lib_a-memchr-stub.o)
 .debug_frame   0x0000000000001894       0x28 /opt/st/stm32cubeide_1.11.2/plugins/com.st.stm32cube.ide.mcu.externaltools.gnu-tools-for-stm32.10.3-2021.10.linux64_1.0.100.202210260954/tools/bin/../lib/gcc/arm-none-eabi/10.3.1/../../../../arm-none-eabi/lib/thumb/v7-m/nofp/libc_nano.a(lib_a-memcpy-stub.o)
 .debug_frame   0x00000000000018bc       0x28 /opt/st/stm32cubeide_1.11.2/plugins/com.st.stm32cube.ide.mcu.externaltools.gnu-tools-for-stm32.10.3-2021.10.linux64_1.0.100.202210260954/tools/bin/../lib/gcc/arm-none-eabi/10.3.1/../../../../arm-none-eabi/lib/thumb/v7-m/nofp/libc_nano.a(lib_a-memmove.o)
 .debug_frame   0x00000000000018e4       0x38 /opt/st/stm32cubeide_1.11.2/plugins/com.st.stm32cube.ide.mcu.externaltools.gnu-tools-for-stm32.10.3-2021.10.linux64_1.0.100.202210260954/tools/bin/../lib/gcc/arm-none-eabi/10.3.1/../../../../arm-none-eabi/lib/thumb/v7-m/nofp/libc_nano.a(lib_a-nano-freer.o)
 .debug_frame   0x000000000000191c       0x4c /opt/st/stm32cubeide_1.11.2/plugins/com.st.stm32cube.ide.mcu.externaltools.gnu-tools-for-stm32.10.3-2021.10.linux64_1.0.100.202210260954/tools/bin/../lib/gcc/arm-none-eabi/10.3.1/../../../../arm-none-eabi/lib/thumb/v7-m/nofp/libc_nano.a(lib_a-nano-mallocr.o)
 .debug_frame   0x0000000000001968       0x3c /opt/st/stm32cubeide_1.11.2/plugins/com.st.stm32cube.ide.mcu.externaltools.gnu-tools-for-stm32.10.3-2021.10.linux64_1.0.100.202210260954/tools/bin/../lib/gcc/arm-none-eabi/10.3.1/../../../../arm-none-eabi/lib/thumb/v7-m/nofp/libc_nano.a(lib_a-nano-reallocr.o)
 .debug_frame   0x00000000000019a4       0x2c /opt/st/stm32cubeide_1.11.2/plugins/com.st.stm32cube.ide.mcu.externaltools.gnu-tools-for-stm32.10.3-2021.10.linux64_1.0.100.202210260954/tools/bin/../lib/gcc/arm-none-eabi/10.3.1/../../../../arm-none-eabi/lib/thumb/v7-m/nofp/libc_nano.a(lib_a-sbrkr.o)
 .debug_frame   0x00000000000019d0       0x30 /opt/st/stm32cubeide_1.11.2/plugins/com.st.stm32cube.ide.mcu.externaltools.gnu-tools-for-stm32.10.3-2021.10.linux64_1.0.100.202210260954/tools/bin/../lib/gcc/arm-none-eabi/10.3.1/../../../../arm-none-eabi/lib/thumb/v7-m/nofp/libc_nano.a(lib_a-mlock.o)
 .debug_frame   0x0000000000001a00       0x20 /opt/st/stm32cubeide_1.11.2/plugins/com.st.stm32cube.ide.mcu.externaltools.gnu-tools-for-stm32.10.3-2021.10.linux64_1.0.100.202210260954/tools/bin/../lib/gcc/arm-none-eabi/10.3.1/../../../../arm-none-eabi/lib/thumb/v7-m/nofp/libc_nano.a(lib_a-nano-msizer.o)
 .debug_frame   0x0000000000001a20       0x5c /opt/st/stm32cubeide_1.11.2/plugins/com.st.stm32cube.ide.mcu.externaltools.gnu-tools-for-stm32.10.3-2021.10.linux64_1.0.100.202210260954/tools/bin/../lib/gcc/arm-none-eabi/10.3.1/../../../../arm-none-eabi/lib/thumb/v7-m/nofp/libc_nano.a(lib_a-reent.o)
 .debug_frame   0x0000000000001a7c       0xb0 /opt/st/stm32cubeide_1.11.2/plugins/com.st.stm32cube.ide.mcu.externaltools.gnu-tools-for-stm32.10.3-2021.10.linux64_1.0.100.202210260954/tools/bin/../lib/gcc/arm-none-eabi/10.3.1/../../../../arm-none-eabi/lib/thumb/v7-m/nofp/libc_nano.a(lib_a-lock.o)
